Archive member included to satisfy reference by file (symbol)

c:/siliconlabs/simplicitystudio/v5/developer/toolchains/gnu_arm/12.2.rel1_2023.7/bin/../lib/gcc/arm-none-eabi/12.2.1/thumb/v8-m.main+fp/hard\libgcc.a(_arm_muldf3.o)
                              ./core/view_model/game.o (__aeabi_dmul)
c:/siliconlabs/simplicitystudio/v5/developer/toolchains/gnu_arm/12.2.rel1_2023.7/bin/../lib/gcc/arm-none-eabi/12.2.1/thumb/v8-m.main+fp/hard\libgcc.a(_arm_addsubdf3.o)
                              ./core/view_model/game.o (__aeabi_dadd)
c:/siliconlabs/simplicitystudio/v5/developer/toolchains/gnu_arm/12.2.rel1_2023.7/bin/../lib/gcc/arm-none-eabi/12.2.1/thumb/v8-m.main+fp/hard\libgcc.a(_arm_cmpdf2.o)
                              ./core/view_model/game.o (__aeabi_dcmplt)
c:/siliconlabs/simplicitystudio/v5/developer/toolchains/gnu_arm/12.2.rel1_2023.7/bin/../lib/gcc/arm-none-eabi/12.2.1/thumb/v8-m.main+fp/hard\libgcc.a(_arm_truncdfsf2.o)
                              ./core/view_model/game.o (__aeabi_d2f)
c:/siliconlabs/simplicitystudio/v5/developer/toolchains/gnu_arm/12.2.rel1_2023.7/bin/../lib/gcc/arm-none-eabi/12.2.1/thumb/v8-m.main+fp/hard\libgcc.a(_aeabi_ldivmod.o)
                              ./simplicity_sdk_2024.6.2/platform/emlib/src/em_eusart.o (__aeabi_ldivmod)
c:/siliconlabs/simplicitystudio/v5/developer/toolchains/gnu_arm/12.2.rel1_2023.7/bin/../lib/gcc/arm-none-eabi/12.2.1/thumb/v8-m.main+fp/hard\libgcc.a(_aeabi_uldivmod.o)
                              ./simplicity_sdk_2024.6.2/platform/emlib/src/em_eusart.o (__aeabi_uldivmod)
c:/siliconlabs/simplicitystudio/v5/developer/toolchains/gnu_arm/12.2.rel1_2023.7/bin/../lib/gcc/arm-none-eabi/12.2.1/thumb/v8-m.main+fp/hard\libgcc.a(_udivmoddi4.o)
                              c:/siliconlabs/simplicitystudio/v5/developer/toolchains/gnu_arm/12.2.rel1_2023.7/bin/../lib/gcc/arm-none-eabi/12.2.1/thumb/v8-m.main+fp/hard\libgcc.a(_aeabi_ldivmod.o) (__udivmoddi4)
c:/siliconlabs/simplicitystudio/v5/developer/toolchains/gnu_arm/12.2.rel1_2023.7/bin/../lib/gcc/arm-none-eabi/12.2.1/thumb/v8-m.main+fp/hard\libgcc.a(_dvmd_tls.o)
                              c:/siliconlabs/simplicitystudio/v5/developer/toolchains/gnu_arm/12.2.rel1_2023.7/bin/../lib/gcc/arm-none-eabi/12.2.1/thumb/v8-m.main+fp/hard\libgcc.a(_aeabi_ldivmod.o) (__aeabi_ldiv0)
c:/siliconlabs/simplicitystudio/v5/developer/toolchains/gnu_arm/12.2.rel1_2023.7/bin/../lib/gcc/arm-none-eabi/12.2.1/thumb/v8-m.main+fp/hard\libc_nano.a(libc_a-exit.o)
                              c:/siliconlabs/simplicitystudio/v5/developer/toolchains/gnu_arm/12.2.rel1_2023.7/bin/../lib/gcc/arm-none-eabi/12.2.1/thumb/v8-m.main+fp/hard/crt0.o (exit)
c:/siliconlabs/simplicitystudio/v5/developer/toolchains/gnu_arm/12.2.rel1_2023.7/bin/../lib/gcc/arm-none-eabi/12.2.1/thumb/v8-m.main+fp/hard\libc_nano.a(libc_a-rand.o)
                              ./core/view_model/game.o (rand)
c:/siliconlabs/simplicitystudio/v5/developer/toolchains/gnu_arm/12.2.rel1_2023.7/bin/../lib/gcc/arm-none-eabi/12.2.1/thumb/v8-m.main+fp/hard\libc_nano.a(libc_a-ctype_.o)
                              ./simplicity_sdk_2024.6.2/platform/common/src/sl_string.o (_ctype_)
c:/siliconlabs/simplicitystudio/v5/developer/toolchains/gnu_arm/12.2.rel1_2023.7/bin/../lib/gcc/arm-none-eabi/12.2.1/thumb/v8-m.main+fp/hard\libc_nano.a(libc_a-nano-vfprintf_float.o)
                              (_printf_float)
c:/siliconlabs/simplicitystudio/v5/developer/toolchains/gnu_arm/12.2.rel1_2023.7/bin/../lib/gcc/arm-none-eabi/12.2.1/thumb/v8-m.main+fp/hard\libc_nano.a(libc_a-nano-vfprintf_i.o)
                              c:/siliconlabs/simplicitystudio/v5/developer/toolchains/gnu_arm/12.2.rel1_2023.7/bin/../lib/gcc/arm-none-eabi/12.2.1/thumb/v8-m.main+fp/hard\libc_nano.a(libc_a-nano-vfprintf_float.o) (_printf_common)
c:/siliconlabs/simplicitystudio/v5/developer/toolchains/gnu_arm/12.2.rel1_2023.7/bin/../lib/gcc/arm-none-eabi/12.2.1/thumb/v8-m.main+fp/hard\libc_nano.a(libc_a-findfp.o)
                              c:/siliconlabs/simplicitystudio/v5/developer/toolchains/gnu_arm/12.2.rel1_2023.7/bin/../lib/gcc/arm-none-eabi/12.2.1/thumb/v8-m.main+fp/hard\libc_nano.a(libc_a-exit.o) (__stdio_exit_handler)
c:/siliconlabs/simplicitystudio/v5/developer/toolchains/gnu_arm/12.2.rel1_2023.7/bin/../lib/gcc/arm-none-eabi/12.2.1/thumb/v8-m.main+fp/hard\libc_nano.a(libc_a-fwalk.o)
                              c:/siliconlabs/simplicitystudio/v5/developer/toolchains/gnu_arm/12.2.rel1_2023.7/bin/../lib/gcc/arm-none-eabi/12.2.1/thumb/v8-m.main+fp/hard\libc_nano.a(libc_a-findfp.o) (_fwalk_sglue)
c:/siliconlabs/simplicitystudio/v5/developer/toolchains/gnu_arm/12.2.rel1_2023.7/bin/../lib/gcc/arm-none-eabi/12.2.1/thumb/v8-m.main+fp/hard\libc_nano.a(libc_a-getchar.o)
                              ./core/utils/debug.o (getchar)
c:/siliconlabs/simplicitystudio/v5/developer/toolchains/gnu_arm/12.2.rel1_2023.7/bin/../lib/gcc/arm-none-eabi/12.2.1/thumb/v8-m.main+fp/hard\libc_nano.a(libc_a-printf.o)
[...]
Memory Configuration

Name             Origin             Length             Attributes
FLASH            0x00000000         0x0007e000         xr
RAM              0x20000000         0x00008000         xrw
*default*        0x00000000         0xffffffff

Linker script and memory map

LOAD c:/siliconlabs/simplicitystudio/v5/developer/toolchains/gnu_arm/12.2.rel1_2023.7/bin/../lib/gcc/arm-none-eabi/12.2.1/thumb/v8-m.main+fp/hard/crti.o
LOAD c:/siliconlabs/simplicitystudio/v5/developer/toolchains/gnu_arm/12.2.rel1_2023.7/bin/../lib/gcc/arm-none-eabi/12.2.1/thumb/v8-m.main+fp/hard/crtbegin.o
LOAD c:/siliconlabs/simplicitystudio/v5/developer/toolchains/gnu_arm/12.2.rel1_2023.7/bin/../lib/gcc/arm-none-eabi/12.2.1/thumb/v8-m.main+fp/hard/crt0.o
START GROUP
LOAD ./autogen/sl_board_default_init.o
LOAD ./autogen/sl_event_handler.o
LOAD ./autogen/sl_iostream_handles.o
LOAD ./autogen/sl_iostream_init_eusart_instances.o
LOAD ./autogen/sl_simple_button_instances.o
LOAD ./core/main.o
LOAD ./core/template.o
LOAD ./core/model/control.o
LOAD ./core/model/flash.o
LOAD ./core/model/settings.o
LOAD ./core/utils/debug.o
LOAD ./core/view/screen.o
LOAD ./core/view_model/app.o
LOAD ./core/view_model/game.o
LOAD ./simplicity_sdk_2024.6.2/hardware/board/src/sl_board_control_gpio.o
LOAD ./simplicity_sdk_2024.6.2/hardware/board/src/sl_board_init.o
LOAD ./simplicity_sdk_2024.6.2/hardware/driver/configuration_over_swo/src/sl_cos.o
LOAD ./simplicity_sdk_2024.6.2/hardware/driver/memlcd/src/memlcd_usart/sl_memlcd_spi.o
LOAD ./simplicity_sdk_2024.6.2/hardware/driver/memlcd/src/sl_memlcd.o
LOAD ./simplicity_sdk_2024.6.2/hardware/driver/memlcd/src/sl_memlcd_display.o
LOAD ./simplicity_sdk_2024.6.2/hardware/driver/mx25_flash_shutdown/src/sl_mx25_flash_shutdown_usart/sl_mx25_flash_shutdown.o
LOAD ./simplicity_sdk_2024.6.2/platform/Device/SiliconLabs/EFR32MG22/Source/startup_efr32mg22.o
LOAD ./simplicity_sdk_2024.6.2/platform/Device/SiliconLabs/EFR32MG22/Source/system_efr32mg22.o
LOAD ./simplicity_sdk_2024.6.2/platform/common/src/sl_assert.o
LOAD ./simplicity_sdk_2024.6.2/platform/common/src/sl_core_cortexm.o
LOAD ./simplicity_sdk_2024.6.2/platform/common/src/sl_slist.o
LOAD ./simplicity_sdk_2024.6.2/platform/common/src/sl_string.o
LOAD ./simplicity_sdk_2024.6.2/platform/common/src/sl_syscalls.o
LOAD ./simplicity_sdk_2024.6.2/platform/driver/button/src/sl_button.o
LOAD ./simplicity_sdk_2024.6.2/platform/driver/button/src/sl_simple_button.o
LOAD ./simplicity_sdk_2024.6.2/platform/driver/debug/src/sl_debug_swo.o
LOAD ./simplicity_sdk_2024.6.2/platform/emdrv/dmadrv/src/dmadrv.o
LOAD ./simplicity_sdk_2024.6.2/platform/emdrv/gpiointerrupt/src/gpiointerrupt.o
LOAD ./simplicity_sdk_2024.6.2/platform/emlib/src/em_burtc.o
LOAD ./simplicity_sdk_2024.6.2/platform/emlib/src/em_cmu.o
LOAD ./simplicity_sdk_2024.6.2/platform/emlib/src/em_core.o
LOAD ./simplicity_sdk_2024.6.2/platform/emlib/src/em_emu.o
LOAD ./simplicity_sdk_2024.6.2/platform/emlib/src/em_eusart.o
LOAD ./simplicity_sdk_2024.6.2/platform/emlib/src/em_gpio.o
LOAD ./simplicity_sdk_2024.6.2/platform/emlib/src/em_ldma.o
LOAD ./simplicity_sdk_2024.6.2/platform/emlib/src/em_msc.o
LOAD ./simplicity_sdk_2024.6.2/platform/emlib/src/em_rtcc.o
LOAD ./simplicity_sdk_2024.6.2/platform/emlib/src/em_system.o
LOAD ./simplicity_sdk_2024.6.2/platform/emlib/src/em_timer.o
LOAD ./simplicity_sdk_2024.6.2/platform/emlib/src/em_usart.o
LOAD ./simplicity_sdk_2024.6.2/platform/middleware/glib/dmd/display/dmd_memlcd.o
LOAD ./simplicity_sdk_2024.6.2/platform/middleware/glib/fonts/glib_font_narrow_6x8.o
LOAD ./simplicity_sdk_2024.6.2/platform/middleware/glib/fonts/glib_font_normal_8x8.o
LOAD ./simplicity_sdk_2024.6.2/platform/middleware/glib/fonts/glib_font_number_16x20.o
LOAD ./simplicity_sdk_2024.6.2/platform/middleware/glib/glib/bmp.o
LOAD ./simplicity_sdk_2024.6.2/platform/middleware/glib/glib/glib.o
LOAD ./simplicity_sdk_2024.6.2/platform/middleware/glib/glib/glib_bitmap.o
LOAD ./simplicity_sdk_2024.6.2/platform/middleware/glib/glib/glib_circle.o
LOAD ./simplicity_sdk_2024.6.2/platform/middleware/glib/glib/glib_line.o
LOAD ./simplicity_sdk_2024.6.2/platform/middleware/glib/glib/glib_polygon.o
LOAD ./simplicity_sdk_2024.6.2/platform/middleware/glib/glib/glib_rectangle.o
LOAD ./simplicity_sdk_2024.6.2/platform/middleware/glib/glib/glib_string.o
LOAD ./simplicity_sdk_2024.6.2/platform/service/clock_manager/src/sl_clock_manager.o
LOAD ./simplicity_sdk_2024.6.2/platform/service/clock_manager/src/sl_clock_manager_hal_s2.o
LOAD ./simplicity_sdk_2024.6.2/platform/service/clock_manager/src/sl_clock_manager_init.o
LOAD ./simplicity_sdk_2024.6.2/platform/service/clock_manager/src/sl_clock_manager_init_hal_s2.o
LOAD ./simplicity_sdk_2024.6.2/platform/service/device_init/src/sl_device_init_dcdc_s2.o
LOAD ./simplicity_sdk_2024.6.2/platform/service/device_init/src/sl_device_init_emu_s2.o
LOAD ./simplicity_sdk_2024.6.2/platform/service/device_manager/clocks/sl_device_clock_efr32xg22.o
LOAD ./simplicity_sdk_2024.6.2/platform/service/device_manager/devices/sl_device_peripheral_hal_efr32xg22.o
LOAD ./simplicity_sdk_2024.6.2/platform/service/device_manager/src/sl_device_clock.o
LOAD ./simplicity_sdk_2024.6.2/platform/service/device_manager/src/sl_device_peripheral.o
LOAD ./simplicity_sdk_2024.6.2/platform/service/interrupt_manager/src/sl_interrupt_manager_cortexm.o
LOAD ./simplicity_sdk_2024.6.2/platform/service/iostream/src/sl_iostream.o
LOAD ./simplicity_sdk_2024.6.2/platform/service/iostream/src/sl_iostream_eusart.o
LOAD ./simplicity_sdk_2024.6.2/platform/service/iostream/src/sl_iostream_retarget_stdio.o
LOAD ./simplicity_sdk_2024.6.2/platform/service/iostream/src/sl_iostream_uart.o
LOAD ./simplicity_sdk_2024.6.2/platform/service/memory_manager/src/sl_memory_manager_region.o
LOAD ./simplicity_sdk_2024.6.2/platform/service/sleeptimer/src/sl_sleeptimer.o
LOAD ./simplicity_sdk_2024.6.2/platform/service/sleeptimer/src/sl_sleeptimer_hal_burtc.o
LOAD ./simplicity_sdk_2024.6.2/platform/service/sleeptimer/src/sl_sleeptimer_hal_prortc.o
LOAD ./simplicity_sdk_2024.6.2/platform/service/sleeptimer/src/sl_sleeptimer_hal_rtcc.o
LOAD ./simplicity_sdk_2024.6.2/platform/service/sleeptimer/src/sl_sleeptimer_hal_timer.o
LOAD ./simplicity_sdk_2024.6.2/platform/service/system/src/sl_system_init.o
LOAD ./simplicity_sdk_2024.6.2/platform/service/system/src/sl_system_process_action.o
LOAD ./simplicity_sdk_2024.6.2/platform/service/udelay/src/sl_udelay.o
LOAD ./simplicity_sdk_2024.6.2/platform/service/udelay/src/sl_udelay_armv6m_gcc.o
LOAD c:/siliconlabs/simplicitystudio/v5/developer/toolchains/gnu_arm/12.2.rel1_2023.7/bin/../lib/gcc/arm-none-eabi/12.2.1/thumb/v8-m.main+fp/hard\libgcc.a
LOAD c:/siliconlabs/simplicitystudio/v5/developer/toolchains/gnu_arm/12.2.rel1_2023.7/bin/../lib/gcc/arm-none-eabi/12.2.1/thumb/v8-m.main+fp/hard\libc_nano.a
LOAD c:/siliconlabs/simplicitystudio/v5/developer/toolchains/gnu_arm/12.2.rel1_2023.7/bin/../lib/gcc/arm-none-eabi/12.2.1/thumb/v8-m.main+fp/hard\libm.a
LOAD c:/siliconlabs/simplicitystudio/v5/developer/toolchains/gnu_arm/12.2.rel1_2023.7/bin/../lib/gcc/arm-none-eabi/12.2.1/thumb/v8-m.main+fp/hard\libnosys.a
END GROUP
START GROUP
LOAD c:/siliconlabs/simplicitystudio/v5/developer/toolchains/gnu_arm/12.2.rel1_2023.7/bin/../lib/gcc/arm-none-eabi/12.2.1/thumb/v8-m.main+fp/hard\libgcc.a
LOAD c:/siliconlabs/simplicitystudio/v5/developer/toolchains/gnu_arm/12.2.rel1_2023.7/bin/../lib/gcc/arm-none-eabi/12.2.1/thumb/v8-m.main+fp/hard\libc_nano.a
LOAD c:/siliconlabs/simplicitystudio/v5/developer/toolchains/gnu_arm/12.2.rel1_2023.7/bin/../lib/gcc/arm-none-eabi/12.2.1/thumb/v8-m.main+fp/hard\libnosys.a
END GROUP
START GROUP
LOAD c:/siliconlabs/simplicitystudio/v5/developer/toolchains/gnu_arm/12.2.rel1_2023.7/bin/../lib/gcc/arm-none-eabi/12.2.1/thumb/v8-m.main+fp/hard\libgcc.a
LOAD c:/siliconlabs/simplicitystudio/v5/developer/toolchains/gnu_arm/12.2.rel1_2023.7/bin/../lib/gcc/arm-none-eabi/12.2.1/thumb/v8-m.main+fp/hard\libg_nano.a
LOAD c:/siliconlabs/simplicitystudio/v5/developer/toolchains/gnu_arm/12.2.rel1_2023.7/bin/../lib/gcc/arm-none-eabi/12.2.1/thumb/v8-m.main+fp/hard\libc_nano.a
END GROUP
START GROUP
LOAD c:/siliconlabs/simplicitystudio/v5/developer/toolchains/gnu_arm/12.2.rel1_2023.7/bin/../lib/gcc/arm-none-eabi/12.2.1/thumb/v8-m.main+fp/hard\libgcc.a
LOAD c:/siliconlabs/simplicitystudio/v5/developer/toolchains/gnu_arm/12.2.rel1_2023.7/bin/../lib/gcc/arm-none-eabi/12.2.1/thumb/v8-m.main+fp/hard\libc_nano.a
END GROUP
LOAD c:/siliconlabs/simplicitystudio/v5/developer/toolchains/gnu_arm/12.2.rel1_2023.7/bin/../lib/gcc/arm-none-eabi/12.2.1/thumb/v8-m.main+fp/hard/crtend.o
LOAD c:/siliconlabs/simplicitystudio/v5/developer/toolchains/gnu_arm/12.2.rel1_2023.7/bin/../lib/gcc/arm-none-eabi/12.2.1/thumb/v8-m.main+fp/hard/crtn.o

.vectors        0x00000000      0x140
                0x00000000                linker_vectors_begin = .
 *(.vectors)
 .vectors       0x00000000      0x140 ./simplicity_sdk_2024.6.2/platform/Device/SiliconLabs/EFR32MG22/Source/startup_efr32mg22.o
                0x00000000                __Vectors
                0x00000140                linker_vectors_end = .
                0x00000140                __Vectors_End = .
                0x00000140                __Vectors_Size = (__Vectors_End - __Vectors)
                0x00000140                __lma_ramfuncs_start__ = .

.stack          0x20000000     0x1000
                0x20000000                . = ALIGN (0x8)
                0x20000000                __StackLimit = .
 *(.stack*)
 .stack         0x20000000     0x1000 ./simplicity_sdk_2024.6.2/platform/service/memory_manager/src/sl_memory_manager_region.o
                0x20001000                . = ALIGN (0x4)
                0x20001000                __StackTop = .
                0x20001000                PROVIDE (__stack = __StackTop)

.noinit
 *(.noinit*)

.bss            0x20001000     0x173c
                0x20001000                . = ALIGN (0x4)
                0x20001000                __bss_start__ = .
 *(SORT_BY_ALIGNMENT(.bss*))
 .bss.object.0  0x20001000       0x18 c:/siliconlabs/simplicitystudio/v5/developer/toolchains/gnu_arm/12.2.rel1_2023.7/bin/../lib/gcc/arm-none-eabi/12.2.1/thumb/v8-m.main+fp/hard/crtbegin.o
 .bss.context_vcom
                0x20001018       0x4c ./autogen/sl_iostream_init_eusart_instances.o
 .bss.sl_iostream_vcom
                0x20001064       0x18 ./autogen/sl_iostream_init_eusart_instances.o
 .bss.leaderboard_score
                0x2000107c       0x18 ./core/main.o
                0x2000107c                leaderboard_score
 .bss.game      0x20001094      0x89c ./core/main.o
                0x20001094                game
 .bss.number_of_balls_out_game
                0x20001930        0x4 ./core/model/settings.o
                0x20001930                number_of_balls_out_game
 .bss.position  0x20001934        0x4 ./core/model/settings.o
                0x20001934                position
 .bss.currentLine
                0x20001938        0x4 ./core/view/screen.o
 .bss.myBoard   0x2000193c       0x10 ./core/view/screen.o
                0x2000193c                myBoard
 .bss.glibContext
                0x2000194c       0x2c ./core/view/screen.o
 .bss.gameover.0
                0x20001978        0x4 ./core/view_model/app.o
 .bss.setting.1
                0x2000197c        0x4 ./core/view_model/app.o
 .bss.menu.2    0x20001980        0x4 ./core/view_model/app.o
 .bss.game_setting
                0x20001984        0x4 ./core/view_model/app.o
                0x20001984                game_setting
 .bss.score     0x20001988        0x4 ./core/view_model/app.o
                0x20001988                score
 .bss.memlcd_instance
                0x2000198c       0x14 ./simplicity_sdk_2024.6.2/hardware/driver/memlcd/src/sl_memlcd.o
 .bss.extcomin_timer
                0x200019a0       0x20 ./simplicity_sdk_2024.6.2/hardware/driver/memlcd/src/sl_memlcd.o
 .bss.dmaXfer   0x200019c0      0x100 ./simplicity_sdk_2024.6.2/platform/emdrv/dmadrv/src/dmadrv.o
 .bss.chTable   0x20001ac0       0x80 ./simplicity_sdk_2024.6.2/platform/emdrv/dmadrv/src/dmadrv.o
 .bss.gpioCallbacks
                0x20001b40      0x200 ./simplicity_sdk_2024.6.2/platform/emdrv/gpiointerrupt/src/gpiointerrupt.o
 .bss.dirtyRows
                0x20001d40       0x10 ./simplicity_sdk_2024.6.2/platform/middleware/glib/dmd/display/dmd_memlcd.o
 .bss.memlcd    0x20001d50        0x4 ./simplicity_sdk_2024.6.2/platform/middleware/glib/dmd/display/dmd_memlcd.o
 .bss.sli_iostream_default
                0x20001d54        0x4 ./simplicity_sdk_2024.6.2/platform/service/iostream/src/sl_iostream.o
 .bss.max_millisecond_conversion
                0x20001d58        0x4 ./simplicity_sdk_2024.6.2/platform/service/sleeptimer/src/sl_sleeptimer.o
 .bss.last_delta_update_count
                0x20001d5c        0x4 ./simplicity_sdk_2024.6.2/platform/service/sleeptimer/src/sl_sleeptimer.o
 .bss.timer_head
                0x20001d60        0x4 ./simplicity_sdk_2024.6.2/platform/service/sleeptimer/src/sl_sleeptimer.o
 .bss.timer_frequency
                0x20001d64        0x4 ./simplicity_sdk_2024.6.2/platform/service/sleeptimer/src/sl_sleeptimer.o
 .bss.__sf      0x20001d68      0x138 c:/siliconlabs/simplicitystudio/v5/developer/toolchains/gnu_arm/12.2.rel1_2023.7/bin/../lib/gcc/arm-none-eabi/12.2.1/thumb/v8-m.main+fp/hard\libc_nano.a(libc_a-findfp.o)
                0x20001d68                __sf
 .bss.__stdio_exit_handler
                0x20001ea0        0x4 c:/siliconlabs/simplicitystudio/v5/developer/toolchains/gnu_arm/12.2.rel1_2023.7/bin/../lib/gcc/arm-none-eabi/12.2.1/thumb/v8-m.main+fp/hard\libc_nano.a(libc_a-findfp.o)
                0x20001ea0                __stdio_exit_handler
 .bss.errno     0x20001ea4        0x4 c:/siliconlabs/simplicitystudio/v5/developer/toolchains/gnu_arm/12.2.rel1_2023.7/bin/../lib/gcc/arm-none-eabi/12.2.1/thumb/v8-m.main+fp/hard\libc_nano.a(libc_a-reent.o)
                0x20001ea4                errno
 .bss.__malloc_sbrk_start
                0x20001ea8        0x4 c:/siliconlabs/simplicitystudio/v5/developer/toolchains/gnu_arm/12.2.rel1_2023.7/bin/../lib/gcc/arm-none-eabi/12.2.1/thumb/v8-m.main+fp/hard\libc_nano.a(libc_a-mallocr.o)
                0x20001ea8                __malloc_sbrk_start
 .bss.__malloc_free_list
                0x20001eac        0x4 c:/siliconlabs/simplicitystudio/v5/developer/toolchains/gnu_arm/12.2.rel1_2023.7/bin/../lib/gcc/arm-none-eabi/12.2.1/thumb/v8-m.main+fp/hard\libc_nano.a(libc_a-mallocr.o)
                0x20001eac                __malloc_free_list
 .bss.dimensions
                0x20001eb0        0xc ./simplicity_sdk_2024.6.2/platform/middleware/glib/dmd/display/dmd_memlcd.o
 .bss.overflow_counter
                0x20001ebc        0x2 ./simplicity_sdk_2024.6.2/platform/service/sleeptimer/src/sl_sleeptimer.o
 .bss.completed.1
                0x20001ebe        0x1 c:/siliconlabs/simplicitystudio/v5/developer/toolchains/gnu_arm/12.2.rel1_2023.7/bin/../lib/gcc/arm-none-eabi/12.2.1/thumb/v8-m.main+fp/hard/crtbegin.o
 .bss.rx_buffer_vcom
                0x20001ebf       0x20 ./autogen/sl_iostream_init_eusart_instances.o
 .bss.atLeastOneBallActive
                0x20001edf        0x1 ./core/model/settings.o
                0x20001edf                atLeastOneBallActive
 .bss.index.0   0x20001ee0        0x1 ./core/utils/debug.o
 .bss.buffer    0x20001ee1       0x50 ./core/utils/debug.o
 .bss.state     0x20001f31        0x1 ./core/view_model/app.o
                0x20001f31                state
 .bss.initialized
                0x20001f32        0x1 ./simplicity_sdk_2024.6.2/hardware/driver/memlcd/src/sl_memlcd.o
 .bss.initialized
                0x20001f33        0x1 ./simplicity_sdk_2024.6.2/platform/emdrv/dmadrv/src/dmadrv.o
 .bss.ctuneDelta
                0x20001f34        0x1 ./simplicity_sdk_2024.6.2/platform/emlib/src/em_cmu.o
 .bss.vScaleEM01Config
                0x20001f35        0x1 ./simplicity_sdk_2024.6.2/platform/emlib/src/em_emu.o
 .bss.framebuffer
                0x20001f36      0x800 ./simplicity_sdk_2024.6.2/platform/middleware/glib/dmd/display/dmd_memlcd.o
 .bss.sleep_on_isr_exit
                0x20002736        0x1 ./simplicity_sdk_2024.6.2/platform/service/sleeptimer/src/sl_sleeptimer.o
 .bss.next_timer_to_expire_is_power_manager
                0x20002737        0x1 ./simplicity_sdk_2024.6.2/platform/service/sleeptimer/src/sl_sleeptimer.o
 .bss.is_sleeptimer_initialized
                0x20002738        0x1 ./simplicity_sdk_2024.6.2/platform/service/sleeptimer/src/sl_sleeptimer.o
 .bss.__lock___malloc_recursive_mutex
                0x20002739        0x1 c:/siliconlabs/simplicitystudio/v5/developer/toolchains/gnu_arm/12.2.rel1_2023.7/bin/../lib/gcc/arm-none-eabi/12.2.1/thumb/v8-m.main+fp/hard\libc_nano.a(libc_a-lock.o)
                0x20002739                __lock___malloc_recursive_mutex
 .bss.__lock___sfp_recursive_mutex
                0x2000273a        0x1 c:/siliconlabs/simplicitystudio/v5/developer/toolchains/gnu_arm/12.2.rel1_2023.7/bin/../lib/gcc/arm-none-eabi/12.2.1/thumb/v8-m.main+fp/hard\libc_nano.a(libc_a-lock.o)
                0x2000273a                __lock___sfp_recursive_mutex
 *(COMMON)
                0x2000273c                . = ALIGN (0x4)
 *fill*         0x2000273b        0x1 
                0x2000273c                __bss_end__ = .

text_application_ram
                0x20002740      0x1f0 load address 0x00000140
                0x20002740                . = ALIGN (0x4)
                0x20002740                __vma_ramfuncs_start__ = .
                0x20002740                __text_application_ram_start__ = .
 *(text_application_ram)
 text_application_ram
                0x20002740      0x1e8 ./simplicity_sdk_2024.6.2/platform/emlib/src/em_msc.o
                0x20002740                mscStatusWait
                0x20002794                MSC_MassErase
                0x200027d0                MSC_ErasePage
                0x20002838                writeBurst
                0x2000288c                MSC_WriteWord
 text_application_ram.__stub
                0x20002928        0x8 linker stubs
                0x20002930                . = ALIGN (0x4)
                0x20002930                __vma_ramfuncs_end__ = .
                0x20002930                __text_application_ram_end__ = .

.rodata         0x00000330        0x0
                0x00000330                __lma_ramfuncs_end__ = .
                0x00000330                __rodata_start__ = .
                0x00000330                __rodata_end__ = .

.text           0x00000330     0xad04
                0x00000330                linker_code_begin = .
 *(SORT_BY_ALIGNMENT(.text*))
 .text          0x00000330        0x8 ./simplicity_sdk_2024.6.2/platform/service/udelay/src/sl_udelay_armv6m_gcc.o
                0x00000330                sli_delay_loop
 .text._dtoa_r  0x00000338      0xc54 c:/siliconlabs/simplicitystudio/v5/developer/toolchains/gnu_arm/12.2.rel1_2023.7/bin/../lib/gcc/arm-none-eabi/12.2.1/thumb/v8-m.main+fp/hard\libc_nano.a(libc_a-dtoa.o)
                0x00000338                _dtoa_r
 .text.deregister_tm_clones
                0x00000f8c       0x1c c:/siliconlabs/simplicitystudio/v5/developer/toolchains/gnu_arm/12.2.rel1_2023.7/bin/../lib/gcc/arm-none-eabi/12.2.1/thumb/v8-m.main+fp/hard/crtbegin.o
 .text.register_tm_clones
                0x00000fa8       0x28 c:/siliconlabs/simplicitystudio/v5/developer/toolchains/gnu_arm/12.2.rel1_2023.7/bin/../lib/gcc/arm-none-eabi/12.2.1/thumb/v8-m.main+fp/hard/crtbegin.o
 .text.__do_global_dtors_aux
                0x00000fd0       0x28 c:/siliconlabs/simplicitystudio/v5/developer/toolchains/gnu_arm/12.2.rel1_2023.7/bin/../lib/gcc/arm-none-eabi/12.2.1/thumb/v8-m.main+fp/hard/crtbegin.o
 .text.frame_dummy
                0x00000ff8       0x24 c:/siliconlabs/simplicitystudio/v5/developer/toolchains/gnu_arm/12.2.rel1_2023.7/bin/../lib/gcc/arm-none-eabi/12.2.1/thumb/v8-m.main+fp/hard/crtbegin.o
 .text          0x0000101c       0x7c c:/siliconlabs/simplicitystudio/v5/developer/toolchains/gnu_arm/12.2.rel1_2023.7/bin/../lib/gcc/arm-none-eabi/12.2.1/thumb/v8-m.main+fp/hard/crt0.o
                0x0000101c                _stack_init
                0x00001024                _start
                0x00001024                _mainCRTStartup
 .text.sl_platform_init
                0x00001098       0x54 ./autogen/sl_event_handler.o
                0x00001098                sl_platform_init
 .text.sl_iostream_eusart_init_vcom
                0x000010ec       0x88 ./autogen/sl_iostream_init_eusart_instances.o
                0x000010ec                sl_iostream_eusart_init_vcom
 .text.EUART0_RX_IRQHandler
                0x00001174        0xc ./autogen/sl_iostream_init_eusart_instances.o
                0x00001174                EUART0_RX_IRQHandler
 .text.sl_simple_button_init_instances
                0x00001180       0x1c ./autogen/sl_simple_button_instances.o
                0x00001180                sl_simple_button_init_instances
 .text.sl_button_on_change
                0x0000119c       0x58 ./core/model/control.o
                0x0000119c                sl_button_on_change
 .text.flash_load_user_data
                0x000011f4       0x20 ./core/model/flash.o
                0x000011f4                flash_load_user_data
 .text.flash_save_user_data
                0x00001214       0x20 ./core/model/flash.o
                0x00001214                flash_save_user_data
 .text.reset_game
                0x00001234      0x110 ./core/model/settings.o
                0x00001234                reset_game
 .text.app_iostream_eusart_init
                0x00001344       0xa0 ./core/utils/debug.o
                0x00001344                app_iostream_eusart_init
 .text.app_iostream_eusart_process_action
                0x000013e4       0x64 ./core/utils/debug.o
                0x000013e4                app_iostream_eusart_process_action
 .text.memlcd_app_init
                0x00001448       0x8c ./core/view/screen.o
                0x00001448                memlcd_app_init
 .text.drawPaddle
                0x000014d4       0x3c ./core/view/screen.o
                0x000014d4                drawPaddle
 .text.draw_lives
                0x00001510       0x30 ./core/view/screen.o
                0x00001510                draw_lives
 .text.drawGameObjects
                0x00001540       0x64 ./core/view/screen.o
                0x00001540                drawGameObjects
 .text.memlcd_game
                0x000015a4       0x50 ./core/view/screen.o
                0x000015a4                memlcd_game
 .text.memlcd_mainmenu
                0x000015f4       0x90 ./core/view/screen.o
                0x000015f4                memlcd_mainmenu
 .text.memlcd_settings
                0x00001684       0xc0 ./core/view/screen.o
                0x00001684                memlcd_settings
 .text.sort_leaderboard
                0x00001744       0x78 ./core/view/screen.o
                0x00001744                sort_leaderboard
 .text.memlcd_leaderboard
                0x000017bc       0xec ./core/view/screen.o
                0x000017bc                memlcd_leaderboard
 .text.memlcd_endgame
                0x000018a8       0x88 ./core/view/screen.o
                0x000018a8                memlcd_endgame
 .text.memlcd_error
                0x00001930       0x44 ./core/view/screen.o
                0x00001930                memlcd_error
 .text.app_process_action
                0x00001974      0x27c ./core/view_model/app.o
                0x00001974                app_process_action
 .text.initializeBlocks
                0x00001bf0       0x4c ./core/view_model/game.o
                0x00001bf0                initializeBlocks
 .text.CheckBallObjCollision
                0x00001c3c      0x170 ./core/view_model/game.o
                0x00001c3c                CheckBallObjCollision
 .text.updateBallPosition
                0x00001dac      0x1f0 ./core/view_model/game.o
                0x00001dac                updateBallPosition
 .text.drawBlocks
                0x00001f9c       0x58 ./core/view_model/game.o
                0x00001f9c                drawBlocks
 .text.updatePaddlePosition
                0x00001ff4       0x9c ./core/view_model/game.o
                0x00001ff4                updatePaddlePosition
 .text.sl_board_init
                0x00002090       0x18 ./simplicity_sdk_2024.6.2/hardware/board/src/sl_board_init.o
                0x00002090                sl_board_init
 .text.sl_board_preinit
                0x000020a8        0xc ./simplicity_sdk_2024.6.2/hardware/board/src/sl_board_init.o
                0x000020a8                sl_board_preinit
 .text.sli_memlcd_spi_init
                0x000020b4       0xb8 ./simplicity_sdk_2024.6.2/hardware/driver/memlcd/src/memlcd_usart/sl_memlcd_spi.o
                0x000020b4                sli_memlcd_spi_init
 .text.sl_memlcd_power_on.part.0
                0x0000216c       0x2c ./simplicity_sdk_2024.6.2/hardware/driver/memlcd/src/sl_memlcd.o
 .text.extcomin_toggle
                0x00002198        0xc ./simplicity_sdk_2024.6.2/hardware/driver/memlcd/src/sl_memlcd.o
 .text.sl_memlcd_clear
                0x000021a4       0x48 ./simplicity_sdk_2024.6.2/hardware/driver/memlcd/src/sl_memlcd.o
                0x000021a4                sl_memlcd_clear
 .text.sl_memlcd_configure
                0x000021ec       0x60 ./simplicity_sdk_2024.6.2/hardware/driver/memlcd/src/sl_memlcd.o
                0x000021ec                sl_memlcd_configure
 .text.sl_memlcd_draw
                0x0000224c       0xb0 ./simplicity_sdk_2024.6.2/hardware/driver/memlcd/src/sl_memlcd.o
                0x0000224c                sl_memlcd_draw
 .text.sl_memlcd_get
                0x000022fc       0x18 ./simplicity_sdk_2024.6.2/hardware/driver/memlcd/src/sl_memlcd.o
                0x000022fc                sl_memlcd_get
 .text.sl_memlcd_init
                0x00002314       0x20 ./simplicity_sdk_2024.6.2/hardware/driver/memlcd/src/sl_memlcd_display.o
                0x00002314                sl_memlcd_init
 .text.cs_high  0x00002334        0xc ./simplicity_sdk_2024.6.2/hardware/driver/mx25_flash_shutdown/src/sl_mx25_flash_shutdown_usart/sl_mx25_flash_shutdown.o
 .text.cs_low   0x00002340        0xc ./simplicity_sdk_2024.6.2/hardware/driver/mx25_flash_shutdown/src/sl_mx25_flash_shutdown_usart/sl_mx25_flash_shutdown.o
 .text.sl_mx25_flash_shutdown
                0x0000234c      0x120 ./simplicity_sdk_2024.6.2/hardware/driver/mx25_flash_shutdown/src/sl_mx25_flash_shutdown_usart/sl_mx25_flash_shutdown.o
                0x0000234c                sl_mx25_flash_shutdown
 .text.CopyToRam
                0x0000246c       0x1c ./simplicity_sdk_2024.6.2/platform/Device/SiliconLabs/EFR32MG22/Source/startup_efr32mg22.o
                0x0000246c                CopyToRam
 .text.Reset_Handler
                0x00002488       0x64 ./simplicity_sdk_2024.6.2/platform/Device/SiliconLabs/EFR32MG22/Source/startup_efr32mg22.o
                0x00002488                Reset_Handler
 .text.SystemInit
                0x000024ec       0x64 ./simplicity_sdk_2024.6.2/platform/Device/SiliconLabs/EFR32MG22/Source/system_efr32mg22.o
                0x000024ec                SystemInit
 .text.SystemHFRCODPLLClockGet
                0x00002550        0xc ./simplicity_sdk_2024.6.2/platform/Device/SiliconLabs/EFR32MG22/Source/system_efr32mg22.o
                0x00002550                SystemHFRCODPLLClockGet
 .text.SystemHFRCODPLLClockSet
                0x0000255c        0xc ./simplicity_sdk_2024.6.2/platform/Device/SiliconLabs/EFR32MG22/Source/system_efr32mg22.o
                0x0000255c                SystemHFRCODPLLClockSet
 .text.SystemSYSCLKGet
                0x00002568       0x34 ./simplicity_sdk_2024.6.2/platform/Device/SiliconLabs/EFR32MG22/Source/system_efr32mg22.o
                0x00002568                SystemSYSCLKGet
 .text.SystemHCLKGet
                0x0000259c       0x24 ./simplicity_sdk_2024.6.2/platform/Device/SiliconLabs/EFR32MG22/Source/system_efr32mg22.o
                0x0000259c                SystemHCLKGet
 .text.SystemMaxCoreClockGet
                0x000025c0        0x8 ./simplicity_sdk_2024.6.2/platform/Device/SiliconLabs/EFR32MG22/Source/system_efr32mg22.o
                0x000025c0                SystemMaxCoreClockGet
 .text.SystemHFXOClockGet
                0x000025c8        0xc ./simplicity_sdk_2024.6.2/platform/Device/SiliconLabs/EFR32MG22/Source/system_efr32mg22.o
                0x000025c8                SystemHFXOClockGet
 .text.SystemHFXOClockSet
                0x000025d4       0x20 ./simplicity_sdk_2024.6.2/platform/Device/SiliconLabs/EFR32MG22/Source/system_efr32mg22.o
                0x000025d4                SystemHFXOClockSet
 .text.SystemFSRCOClockGet
                0x000025f4        0x8 ./simplicity_sdk_2024.6.2/platform/Device/SiliconLabs/EFR32MG22/Source/system_efr32mg22.o
                0x000025f4                SystemFSRCOClockGet
 .text.SystemLFXOClockGet
                0x000025fc        0xc ./simplicity_sdk_2024.6.2/platform/Device/SiliconLabs/EFR32MG22/Source/system_efr32mg22.o
                0x000025fc                SystemLFXOClockGet
 .text.GPIO_PinInGet
                0x00002608       0x44 ./simplicity_sdk_2024.6.2/platform/driver/button/src/sl_simple_button.o
 .text.sl_simple_button_init
                0x0000264c       0xb4 ./simplicity_sdk_2024.6.2/platform/driver/button/src/sl_simple_button.o
                0x0000264c                sl_simple_button_init
 .text.sl_debug_swo_init
                0x00002700       0xcc ./simplicity_sdk_2024.6.2/platform/driver/debug/src/sl_debug_swo.o
                0x00002700                sl_debug_swo_init
 .text.sl_debug_swo_write_u8
                0x000027cc       0x44 ./simplicity_sdk_2024.6.2/platform/driver/debug/src/sl_debug_swo.o
                0x000027cc                sl_debug_swo_write_u8
 .text.StartTransfer
                0x00002810      0x17c ./simplicity_sdk_2024.6.2/platform/emdrv/dmadrv/src/dmadrv.o
 .text.DMADRV_AllocateChannel
                0x0000298c       0x60 ./simplicity_sdk_2024.6.2/platform/emdrv/dmadrv/src/dmadrv.o
                0x0000298c                DMADRV_AllocateChannel
 .text.DMADRV_DeInit
                0x000029ec       0x44 ./simplicity_sdk_2024.6.2/platform/emdrv/dmadrv/src/dmadrv.o
                0x000029ec                DMADRV_DeInit
 .text.DMADRV_FreeChannel
                0x00002a30       0x4c ./simplicity_sdk_2024.6.2/platform/emdrv/dmadrv/src/dmadrv.o
                0x00002a30                DMADRV_FreeChannel
 .text.DMADRV_Init
                0x00002a7c       0x68 ./simplicity_sdk_2024.6.2/platform/emdrv/dmadrv/src/dmadrv.o
                0x00002a7c                DMADRV_Init
 .text.DMADRV_PauseTransfer
                0x00002ae4       0x40 ./simplicity_sdk_2024.6.2/platform/emdrv/dmadrv/src/dmadrv.o
                0x00002ae4                DMADRV_PauseTransfer
 .text.DMADRV_ResumeTransfer
                0x00002b24       0x40 ./simplicity_sdk_2024.6.2/platform/emdrv/dmadrv/src/dmadrv.o
                0x00002b24                DMADRV_ResumeTransfer
 .text.DMADRV_StopTransfer
                0x00002b64       0x40 ./simplicity_sdk_2024.6.2/platform/emdrv/dmadrv/src/dmadrv.o
                0x00002b64                DMADRV_StopTransfer
 .text.DMADRV_TransferCompletePending
                0x00002ba4       0x50 ./simplicity_sdk_2024.6.2/platform/emdrv/dmadrv/src/dmadrv.o
                0x00002ba4                DMADRV_TransferCompletePending
 .text.DMADRV_TransferDone
                0x00002bf4       0x44 ./simplicity_sdk_2024.6.2/platform/emdrv/dmadrv/src/dmadrv.o
                0x00002bf4                DMADRV_TransferDone
 .text.LDMA_IRQHandler
                0x00002c38       0x74 ./simplicity_sdk_2024.6.2/platform/emdrv/dmadrv/src/dmadrv.o
                0x00002c38                LDMA_IRQHandler
 .text.GPIOINT_IRQDispatcher
                0x00002cac       0x38 ./simplicity_sdk_2024.6.2/platform/emdrv/gpiointerrupt/src/gpiointerrupt.o
 .text.GPIOINT_CallbackRegister
                0x00002ce4       0x24 ./simplicity_sdk_2024.6.2/platform/emdrv/gpiointerrupt/src/gpiointerrupt.o
                0x00002ce4                GPIOINT_CallbackRegister
 .text.GPIOINT_EM4WUCallbackRegisterExt
                0x00002d08       0x70 ./simplicity_sdk_2024.6.2/platform/emdrv/gpiointerrupt/src/gpiointerrupt.o
                0x00002d08                GPIOINT_EM4WUCallbackRegisterExt
 .text.GPIOINT_CallbackRegisterExt
                0x00002d78       0x64 ./simplicity_sdk_2024.6.2/platform/emdrv/gpiointerrupt/src/gpiointerrupt.o
                0x00002d78                GPIOINT_CallbackRegisterExt
 .text.GPIO_EVEN_IRQHandler
                0x00002ddc       0x24 ./simplicity_sdk_2024.6.2/platform/emdrv/gpiointerrupt/src/gpiointerrupt.o
                0x00002ddc                GPIO_EVEN_IRQHandler
 .text.GPIO_ODD_IRQHandler
                0x00002e00       0x24 ./simplicity_sdk_2024.6.2/platform/emdrv/gpiointerrupt/src/gpiointerrupt.o
                0x00002e00                GPIO_ODD_IRQHandler
 .text.EMU_VScaleGet
                0x00002e24       0x18 ./simplicity_sdk_2024.6.2/platform/emlib/src/em_cmu.o
 .text.HFRCODPLLDevinfoGet
                0x00002e3c      0x108 ./simplicity_sdk_2024.6.2/platform/emlib/src/em_cmu.o
 .text.em01GrpaClkGet
                0x00002f44       0x48 ./simplicity_sdk_2024.6.2/platform/emlib/src/em_cmu.o
 .text.iadcClkGet
                0x00002f8c       0x54 ./simplicity_sdk_2024.6.2/platform/emlib/src/em_cmu.o
 .text.em01GrpbClkGet
                0x00002fe0       0x74 ./simplicity_sdk_2024.6.2/platform/emlib/src/em_cmu.o
 .text.em23GrpaClkGet
                0x00003054       0x48 ./simplicity_sdk_2024.6.2/platform/emlib/src/em_cmu.o
 .text.wdog0ClkGet
                0x0000309c       0x64 ./simplicity_sdk_2024.6.2/platform/emlib/src/em_cmu.o
 .text.rtccClkGet
                0x00003100       0x54 ./simplicity_sdk_2024.6.2/platform/emlib/src/em_cmu.o
 .text.em4GrpaClkGet
                0x00003154       0x48 ./simplicity_sdk_2024.6.2/platform/emlib/src/em_cmu.o
 .text.euart0ClkGet
                0x0000319c       0x48 ./simplicity_sdk_2024.6.2/platform/emlib/src/em_cmu.o
 .text.CMU_ClockDivGet
                0x000031e4       0x84 ./simplicity_sdk_2024.6.2/platform/emlib/src/em_cmu.o
                0x000031e4                CMU_ClockDivGet
 .text.flashWaitStateControl
                0x00003268       0x4c ./simplicity_sdk_2024.6.2/platform/emlib/src/em_cmu.o
 .text.CMU_ClockEnable
                0x000032b4       0x54 ./simplicity_sdk_2024.6.2/platform/emlib/src/em_cmu.o
                0x000032b4                CMU_ClockEnable
 .text.CMU_ClockFreqGet
                0x00003308      0x198 ./simplicity_sdk_2024.6.2/platform/emlib/src/em_cmu.o
                0x00003308                CMU_ClockFreqGet
 .text.rhclkPrescOptimize
                0x000034a0       0x20 ./simplicity_sdk_2024.6.2/platform/emlib/src/em_cmu.o
 .text.CMU_ClockSelectGet
                0x000034c0      0x168 ./simplicity_sdk_2024.6.2/platform/emlib/src/em_cmu.o
                0x000034c0                CMU_ClockSelectGet
 .text.sli_em_cmu_SYSTICEXTCLKENClear
                0x00003628       0x30 ./simplicity_sdk_2024.6.2/platform/emlib/src/em_cmu.o
                0x00003628                sli_em_cmu_SYSTICEXTCLKENClear
 .text.CMU_HFXOInit
                0x00003658      0x1dc ./simplicity_sdk_2024.6.2/platform/emlib/src/em_cmu.o
                0x00003658                CMU_HFXOInit
 .text.CMU_HFXOCTuneDeltaGet
                0x00003834        0xc ./simplicity_sdk_2024.6.2/platform/emlib/src/em_cmu.o
                0x00003834                CMU_HFXOCTuneDeltaGet
 .text.CMU_LFXOInit
                0x00003840       0xc4 ./simplicity_sdk_2024.6.2/platform/emlib/src/em_cmu.o
                0x00003840                CMU_LFXOInit
 .text.CMU_LFXOPrecisionSet
                0x00003904        0xc ./simplicity_sdk_2024.6.2/platform/emlib/src/em_cmu.o
                0x00003904                CMU_LFXOPrecisionSet
 .text.CMU_HFXOPrecisionSet
                0x00003910        0xc ./simplicity_sdk_2024.6.2/platform/emlib/src/em_cmu.o
                0x00003910                CMU_HFXOPrecisionSet
 .text.CMU_LFRCOSetPrecision
                0x0000391c       0x80 ./simplicity_sdk_2024.6.2/platform/emlib/src/em_cmu.o
                0x0000391c                CMU_LFRCOSetPrecision
 .text.CMU_ClockDivSet
                0x0000399c      0x104 ./simplicity_sdk_2024.6.2/platform/emlib/src/em_cmu.o
                0x0000399c                CMU_ClockDivSet
 .text.sli_em_cmu_SYSCLKInitPreClockSelect
                0x00003aa0       0x20 ./simplicity_sdk_2024.6.2/platform/emlib/src/em_cmu.o
                0x00003aa0                sli_em_cmu_SYSCLKInitPreClockSelect
 .text.pclkDivOptimize
                0x00003ac0       0x24 ./simplicity_sdk_2024.6.2/platform/emlib/src/em_cmu.o
 .text.CMU_HFRCODPLLBandSet
                0x00003ae4      0x11c ./simplicity_sdk_2024.6.2/platform/emlib/src/em_cmu.o
                0x00003ae4                CMU_HFRCODPLLBandSet
 .text.EMU_EM4Init
                0x00003c00       0x14 ./simplicity_sdk_2024.6.2/platform/emlib/src/em_emu.o
                0x00003c00                EMU_EM4Init
 .text.EMU_VScaleEM01
                0x00003c14       0xa8 ./simplicity_sdk_2024.6.2/platform/emlib/src/em_emu.o
                0x00003c14                EMU_VScaleEM01
 .text.EMU_VScaleEM01ByClock
                0x00003cbc       0x30 ./simplicity_sdk_2024.6.2/platform/emlib/src/em_emu.o
                0x00003cbc                EMU_VScaleEM01ByClock
 .text.EMU_DCDCModeSet
                0x00003cec       0xb8 ./simplicity_sdk_2024.6.2/platform/emlib/src/em_emu.o
                0x00003cec                EMU_DCDCModeSet
 .text.EMU_DCDCInit
                0x00003da4       0x74 ./simplicity_sdk_2024.6.2/platform/emlib/src/em_emu.o
                0x00003da4                EMU_DCDCInit
 .text.EUSART_Reset
                0x00003e18       0x34 ./simplicity_sdk_2024.6.2/platform/emlib/src/em_eusart.o
                0x00003e18                EUSART_Reset
 .text.EUSART_Enable
                0x00003e4c       0x60 ./simplicity_sdk_2024.6.2/platform/emlib/src/em_eusart.o
                0x00003e4c                EUSART_Enable
 .text.EUSART_BaudrateSet
                0x00003eac      0x128 ./simplicity_sdk_2024.6.2/platform/emlib/src/em_eusart.o
                0x00003eac                EUSART_BaudrateSet
 .text.EUSART_AsyncInitCommon.constprop.0
                0x00003fd4      0x178 ./simplicity_sdk_2024.6.2/platform/emlib/src/em_eusart.o
 .text.EUSART_UartInitLf
                0x0000414c       0xb4 ./simplicity_sdk_2024.6.2/platform/emlib/src/em_eusart.o
                0x0000414c                EUSART_UartInitLf
 .text.EUSART_UartInitHf
                0x00004200       0x50 ./simplicity_sdk_2024.6.2/platform/emlib/src/em_eusart.o
                0x00004200                EUSART_UartInitHf
 .text.BUS_RegBitWrite
                0x00004250       0x2c ./simplicity_sdk_2024.6.2/platform/emlib/src/em_gpio.o
 .text.GPIO_PinOutSet
                0x0000427c       0x40 ./simplicity_sdk_2024.6.2/platform/emlib/src/em_gpio.o
 .text.GPIO_PinOutClear
                0x000042bc       0x40 ./simplicity_sdk_2024.6.2/platform/emlib/src/em_gpio.o
 .text.GPIO_ExtIntConfig
                0x000042fc       0xe0 ./simplicity_sdk_2024.6.2/platform/emlib/src/em_gpio.o
                0x000042fc                GPIO_ExtIntConfig
 .text.GPIO_PinModeSet
                0x000043dc       0x90 ./simplicity_sdk_2024.6.2/platform/emlib/src/em_gpio.o
                0x000043dc                GPIO_PinModeSet
 .text.GPIO_EM4EnablePinWakeup
                0x0000446c       0x7c ./simplicity_sdk_2024.6.2/platform/emlib/src/em_gpio.o
                0x0000446c                GPIO_EM4EnablePinWakeup
 .text.GPIO_EM4WUExtIntConfig
                0x000044e8       0x60 ./simplicity_sdk_2024.6.2/platform/emlib/src/em_gpio.o
                0x000044e8                GPIO_EM4WUExtIntConfig
 .text.LDMA_DeInit
                0x00004548       0x2c ./simplicity_sdk_2024.6.2/platform/emlib/src/em_ldma.o
                0x00004548                LDMA_DeInit
 .text.LDMA_EnableChannelRequest
                0x00004574       0x40 ./simplicity_sdk_2024.6.2/platform/emlib/src/em_ldma.o
                0x00004574                LDMA_EnableChannelRequest
 .text.LDMA_Init
                0x000045b4       0x90 ./simplicity_sdk_2024.6.2/platform/emlib/src/em_ldma.o
                0x000045b4                LDMA_Init
 .text.LDMA_StartTransfer
                0x00004644      0x108 ./simplicity_sdk_2024.6.2/platform/emlib/src/em_ldma.o
                0x00004644                LDMA_StartTransfer
 .text.LDMA_StopTransfer
                0x0000474c       0x38 ./simplicity_sdk_2024.6.2/platform/emlib/src/em_ldma.o
                0x0000474c                LDMA_StopTransfer
 .text.LDMA_TransferDone
                0x00004784       0x44 ./simplicity_sdk_2024.6.2/platform/emlib/src/em_ldma.o
                0x00004784                LDMA_TransferDone
 .text.MSC_Init
                0x000047c8       0x20 ./simplicity_sdk_2024.6.2/platform/emlib/src/em_msc.o
                0x000047c8                MSC_Init
 .text.RTCC_ChannelInit
                0x000047e8       0x48 ./simplicity_sdk_2024.6.2/platform/emlib/src/em_rtcc.o
                0x000047e8                RTCC_ChannelInit
 .text.RTCC_Enable
                0x00004830       0x54 ./simplicity_sdk_2024.6.2/platform/emlib/src/em_rtcc.o
                0x00004830                RTCC_Enable
 .text.RTCC_Init
                0x00004884       0x48 ./simplicity_sdk_2024.6.2/platform/emlib/src/em_rtcc.o
                0x00004884                RTCC_Init
 .text.SYSTEM_GetProdRev
                0x000048cc       0x10 ./simplicity_sdk_2024.6.2/platform/emlib/src/em_system.o
                0x000048cc                SYSTEM_GetProdRev
 .text.USART_BaudrateSyncSet
                0x000048dc       0x48 ./simplicity_sdk_2024.6.2/platform/emlib/src/em_usart.o
                0x000048dc                USART_BaudrateSyncSet
 .text.USART_Reset
                0x00004924       0x70 ./simplicity_sdk_2024.6.2/platform/emlib/src/em_usart.o
                0x00004924                USART_Reset
 .text.USART_InitSync
                0x00004994       0xcc ./simplicity_sdk_2024.6.2/platform/emlib/src/em_usart.o
                0x00004994                USART_InitSync
 .text.setLineDirty
                0x00004a60       0x1c ./simplicity_sdk_2024.6.2/platform/middleware/glib/dmd/display/dmd_memlcd.o
 .text.DMD_getDisplayGeometry
                0x00004a7c       0x1c ./simplicity_sdk_2024.6.2/platform/middleware/glib/dmd/display/dmd_memlcd.o
                0x00004a7c                DMD_getDisplayGeometry
 .text.DMD_setClippingArea
                0x00004a98       0x40 ./simplicity_sdk_2024.6.2/platform/middleware/glib/dmd/display/dmd_memlcd.o
                0x00004a98                DMD_setClippingArea
 .text.DMD_writeColor
                0x00004ad8      0x138 ./simplicity_sdk_2024.6.2/platform/middleware/glib/dmd/display/dmd_memlcd.o
                0x00004ad8                DMD_writeColor
 .text.DMD_init
                0x00004c10       0x50 ./simplicity_sdk_2024.6.2/platform/middleware/glib/dmd/display/dmd_memlcd.o
                0x00004c10                DMD_init
 .text.DMD_updateDisplay
                0x00004c60       0x80 ./simplicity_sdk_2024.6.2/platform/middleware/glib/dmd/display/dmd_memlcd.o
                0x00004c60                DMD_updateDisplay
 .text.GLIB_contextInit
                0x00004ce0       0x54 ./simplicity_sdk_2024.6.2/platform/middleware/glib/glib/glib.o
                0x00004ce0                GLIB_contextInit
 .text.sli_clock_manager_hal_enable_bus_clock
                0x00004d34       0x54 ./simplicity_sdk_2024.6.2/platform/service/clock_manager/src/sl_clock_manager_hal_s2.o
                0x00004d34                sli_clock_manager_hal_enable_bus_clock
 .text.sli_clock_manager_hal_init
                0x00004d88      0x1a8 ./simplicity_sdk_2024.6.2/platform/service/clock_manager/src/sl_clock_manager_init_hal_s2.o
                0x00004d88                sli_clock_manager_hal_init
 .text.sl_device_init_dcdc
                0x00004f30       0x20 ./simplicity_sdk_2024.6.2/platform/service/device_init/src/sl_device_init_dcdc_s2.o
                0x00004f30                sl_device_init_dcdc
 .text.sl_device_init_emu
                0x00004f50       0x24 ./simplicity_sdk_2024.6.2/platform/service/device_init/src/sl_device_init_emu_s2.o
                0x00004f50                sl_device_init_emu
 .text.sl_interrupt_manager_disable_irq
                0x00004f74       0x3c ./simplicity_sdk_2024.6.2/platform/service/interrupt_manager/src/sl_interrupt_manager_cortexm.o
                0x00004f74                sl_interrupt_manager_disable_irq
 .text.sl_interrupt_manager_enable_irq
                0x00004fb0       0x34 ./simplicity_sdk_2024.6.2/platform/service/interrupt_manager/src/sl_interrupt_manager_cortexm.o
                0x00004fb0                sl_interrupt_manager_enable_irq
 .text.sl_interrupt_manager_is_irq_disabled
                0x00004fe4       0x30 ./simplicity_sdk_2024.6.2/platform/service/interrupt_manager/src/sl_interrupt_manager_cortexm.o
                0x00004fe4                sl_interrupt_manager_is_irq_disabled
 .text.sl_interrupt_manager_clear_irq_pending
                0x00005014       0x1c ./simplicity_sdk_2024.6.2/platform/service/interrupt_manager/src/sl_interrupt_manager_cortexm.o
                0x00005014                sl_interrupt_manager_clear_irq_pending
 .text.sl_interrupt_manager_set_irq_priority
                0x00005030       0x50 ./simplicity_sdk_2024.6.2/platform/service/interrupt_manager/src/sl_interrupt_manager_cortexm.o
                0x00005030                sl_interrupt_manager_set_irq_priority
 .text.sl_iostream_set_default
                0x00005080       0x18 ./simplicity_sdk_2024.6.2/platform/service/iostream/src/sl_iostream.o
                0x00005080                sl_iostream_set_default
 .text.sl_iostream_get_default
                0x00005098       0x18 ./simplicity_sdk_2024.6.2/platform/service/iostream/src/sl_iostream.o
                0x00005098                sl_iostream_get_default
 .text.sl_iostream_eusart_init
                0x000050b0      0x230 ./simplicity_sdk_2024.6.2/platform/service/iostream/src/sl_iostream_eusart.o
                0x000050b0                sl_iostream_eusart_init
 .text._write   0x000052e0       0x20 ./simplicity_sdk_2024.6.2/platform/service/iostream/src/sl_iostream_retarget_stdio.o
                0x000052e0                _write
 .text.get_write_ptr
                0x00005300       0x40 ./simplicity_sdk_2024.6.2/platform/service/iostream/src/sl_iostream_uart.o
 .text.dma_irq_handler
                0x00005340       0x74 ./simplicity_sdk_2024.6.2/platform/service/iostream/src/sl_iostream_uart.o
 .text.uart_deinit
                0x000053b4       0x7c ./simplicity_sdk_2024.6.2/platform/service/iostream/src/sl_iostream_uart.o
 .text.uart_read
                0x00005430      0x1f4 ./simplicity_sdk_2024.6.2/platform/service/iostream/src/sl_iostream_uart.o
 .text.uart_write
                0x00005624       0xc0 ./simplicity_sdk_2024.6.2/platform/service/iostream/src/sl_iostream_uart.o
 .text.sli_iostream_uart_context_init
                0x000056e4       0xe8 ./simplicity_sdk_2024.6.2/platform/service/iostream/src/sl_iostream_uart.o
                0x000056e4                sli_iostream_uart_context_init
 .text._sbrk    0x000057cc       0x20 ./simplicity_sdk_2024.6.2/platform/service/memory_manager/src/sl_memory_manager_region.o
                0x000057cc                _sbrk
 .text.delta_list_insert_timer
                0x000057ec       0x40 ./simplicity_sdk_2024.6.2/platform/service/sleeptimer/src/sl_sleeptimer.o
 .text.update_delta_list
                0x0000582c       0x34 ./simplicity_sdk_2024.6.2/platform/service/sleeptimer/src/sl_sleeptimer.o
 .text.set_comparator_for_next_timer
                0x00005860       0x5c ./simplicity_sdk_2024.6.2/platform/service/sleeptimer/src/sl_sleeptimer.o
 .text.create_timer
                0x000058bc       0x88 ./simplicity_sdk_2024.6.2/platform/service/sleeptimer/src/sl_sleeptimer.o
 .text.delta_list_remove_timer
                0x00005944       0x38 ./simplicity_sdk_2024.6.2/platform/service/sleeptimer/src/sl_sleeptimer.o
 .text.sl_sleeptimer_init
                0x0000597c       0x74 ./simplicity_sdk_2024.6.2/platform/service/sleeptimer/src/sl_sleeptimer.o
                0x0000597c                sl_sleeptimer_init
 .text.sl_sleeptimer_stop_timer
                0x000059f0       0x60 ./simplicity_sdk_2024.6.2/platform/service/sleeptimer/src/sl_sleeptimer.o
                0x000059f0                sl_sleeptimer_stop_timer
 .text.sl_sleeptimer_get_timer_frequency
                0x00005a50        0xc ./simplicity_sdk_2024.6.2/platform/service/sleeptimer/src/sl_sleeptimer.o
                0x00005a50                sl_sleeptimer_get_timer_frequency
 .text.process_timer_irq
                0x00005a5c      0x150 ./simplicity_sdk_2024.6.2/platform/service/sleeptimer/src/sl_sleeptimer.o
                0x00005a5c                process_timer_irq
 .text.sleeptimer_hal_init_timer
                0x00005bac       0x84 ./simplicity_sdk_2024.6.2/platform/service/sleeptimer/src/sl_sleeptimer_hal_rtcc.o
                0x00005bac                sleeptimer_hal_init_timer
 .text.sleeptimer_hal_set_compare
                0x00005c30       0x64 ./simplicity_sdk_2024.6.2/platform/service/sleeptimer/src/sl_sleeptimer_hal_rtcc.o
                0x00005c30                sleeptimer_hal_set_compare
 .text.sleeptimer_hal_disable_int
                0x00005c94       0x30 ./simplicity_sdk_2024.6.2/platform/service/sleeptimer/src/sl_sleeptimer_hal_rtcc.o
                0x00005c94                sleeptimer_hal_disable_int
 .text.sleeptimer_hal_set_int
                0x00005cc4       0x10 ./simplicity_sdk_2024.6.2/platform/service/sleeptimer/src/sl_sleeptimer_hal_rtcc.o
                0x00005cc4                sleeptimer_hal_set_int
 .text.RTCC_IRQHandler
                0x00005cd4       0x34 ./simplicity_sdk_2024.6.2/platform/service/sleeptimer/src/sl_sleeptimer_hal_rtcc.o
                0x00005cd4                RTCC_IRQHandler
 .text.sleeptimer_hal_get_timer_frequency
                0x00005d08       0x20 ./simplicity_sdk_2024.6.2/platform/service/sleeptimer/src/sl_sleeptimer_hal_rtcc.o
                0x00005d08                sleeptimer_hal_get_timer_frequency
 .text.sl_udelay_wait
                0x00005d28       0x58 ./simplicity_sdk_2024.6.2/platform/service/udelay/src/sl_udelay.o
                0x00005d28                sl_udelay_wait
 .text          0x00005d80      0x378 c:/siliconlabs/simplicitystudio/v5/developer/toolchains/gnu_arm/12.2.rel1_2023.7/bin/../lib/gcc/arm-none-eabi/12.2.1/thumb/v8-m.main+fp/hard\libgcc.a(_arm_addsubdf3.o)
                0x00005d80                __aeabi_drsub
                0x00005d88                __aeabi_dsub
                0x00005d88                __subdf3
                0x00005d8c                __aeabi_dadd
                0x00005d8c                __adddf3
                0x00006004                __floatunsidf
                0x00006004                __aeabi_ui2d
                0x00006024                __floatsidf
                0x00006024                __aeabi_i2d
                0x00006048                __aeabi_f2d
                0x00006048                __extendsfdf2
                0x0000608c                __floatundidf
                0x0000608c                __aeabi_ul2d
                0x0000609c                __floatdidf
                0x0000609c                __aeabi_l2d
 .text          0x000060f8      0x110 c:/siliconlabs/simplicitystudio/v5/developer/toolchains/gnu_arm/12.2.rel1_2023.7/bin/../lib/gcc/arm-none-eabi/12.2.1/thumb/v8-m.main+fp/hard\libgcc.a(_arm_cmpdf2.o)
                0x000060f8                __gtdf2
                0x000060f8                __gedf2
                0x00006100                __ltdf2
                0x00006100                __ledf2
                0x00006108                __nedf2
                0x00006108                __eqdf2
                0x00006108                __cmpdf2
                0x00006184                __aeabi_cdrcmple
                0x00006194                __aeabi_cdcmpeq
                0x00006194                __aeabi_cdcmple
                0x000061a4                __aeabi_dcmpeq
                0x000061b8                __aeabi_dcmplt
                0x000061cc                __aeabi_dcmple
                0x000061e0                __aeabi_dcmpge
                0x000061f4                __aeabi_dcmpgt
 .text          0x00006208       0x30 c:/siliconlabs/simplicitystudio/v5/developer/toolchains/gnu_arm/12.2.rel1_2023.7/bin/../lib/gcc/arm-none-eabi/12.2.1/thumb/v8-m.main+fp/hard\libgcc.a(_aeabi_uldivmod.o)
                0x00006208                __aeabi_uldivmod
 .text.__udivmoddi4
                0x00006238      0x2ec c:/siliconlabs/simplicitystudio/v5/developer/toolchains/gnu_arm/12.2.rel1_2023.7/bin/../lib/gcc/arm-none-eabi/12.2.1/thumb/v8-m.main+fp/hard\libgcc.a(_udivmoddi4.o)
                0x00006238                __udivmoddi4
 .text          0x00006524        0x4 c:/siliconlabs/simplicitystudio/v5/developer/toolchains/gnu_arm/12.2.rel1_2023.7/bin/../lib/gcc/arm-none-eabi/12.2.1/thumb/v8-m.main+fp/hard\libgcc.a(_dvmd_tls.o)
                0x00006524                __aeabi_idiv0
                0x00006524                __aeabi_ldiv0
 .text.exit     0x00006528       0x24 c:/siliconlabs/simplicitystudio/v5/developer/toolchains/gnu_arm/12.2.rel1_2023.7/bin/../lib/gcc/arm-none-eabi/12.2.1/thumb/v8-m.main+fp/hard\libc_nano.a(libc_a-exit.o)
                0x00006528                exit
 .text._printf_float
                0x0000654c      0x468 c:/siliconlabs/simplicitystudio/v5/developer/toolchains/gnu_arm/12.2.rel1_2023.7/bin/../lib/gcc/arm-none-eabi/12.2.1/thumb/v8-m.main+fp/hard\libc_nano.a(libc_a-nano-vfprintf_float.o)
                0x0000654c                _printf_float
 .text._printf_i
                0x000069b4      0x258 c:/siliconlabs/simplicitystudio/v5/developer/toolchains/gnu_arm/12.2.rel1_2023.7/bin/../lib/gcc/arm-none-eabi/12.2.1/thumb/v8-m.main+fp/hard\libc_nano.a(libc_a-nano-vfprintf_i.o)
                0x000069b4                _printf_i
 .text.std      0x00006c0c       0x6c c:/siliconlabs/simplicitystudio/v5/developer/toolchains/gnu_arm/12.2.rel1_2023.7/bin/../lib/gcc/arm-none-eabi/12.2.1/thumb/v8-m.main+fp/hard\libc_nano.a(libc_a-findfp.o)
 .text.stdio_exit_handler
                0x00006c78       0x18 c:/siliconlabs/simplicitystudio/v5/developer/toolchains/gnu_arm/12.2.rel1_2023.7/bin/../lib/gcc/arm-none-eabi/12.2.1/thumb/v8-m.main+fp/hard\libc_nano.a(libc_a-findfp.o)
 .text.cleanup_stdio
                0x00006c90       0x40 c:/siliconlabs/simplicitystudio/v5/developer/toolchains/gnu_arm/12.2.rel1_2023.7/bin/../lib/gcc/arm-none-eabi/12.2.1/thumb/v8-m.main+fp/hard\libc_nano.a(libc_a-findfp.o)
 .text.global_stdio_init.part.0
                0x00006cd0       0x3c c:/siliconlabs/simplicitystudio/v5/developer/toolchains/gnu_arm/12.2.rel1_2023.7/bin/../lib/gcc/arm-none-eabi/12.2.1/thumb/v8-m.main+fp/hard\libc_nano.a(libc_a-findfp.o)
 .text.__sfp_lock_acquire
                0x00006d0c        0xc c:/siliconlabs/simplicitystudio/v5/developer/toolchains/gnu_arm/12.2.rel1_2023.7/bin/../lib/gcc/arm-none-eabi/12.2.1/thumb/v8-m.main+fp/hard\libc_nano.a(libc_a-findfp.o)
                0x00006d0c                __sfp_lock_acquire
 .text.__sfp_lock_release
                0x00006d18        0xc c:/siliconlabs/simplicitystudio/v5/developer/toolchains/gnu_arm/12.2.rel1_2023.7/bin/../lib/gcc/arm-none-eabi/12.2.1/thumb/v8-m.main+fp/hard\libc_nano.a(libc_a-findfp.o)
                0x00006d18                __sfp_lock_release
 .text.__sinit  0x00006d24       0x30 c:/siliconlabs/simplicitystudio/v5/developer/toolchains/gnu_arm/12.2.rel1_2023.7/bin/../lib/gcc/arm-none-eabi/12.2.1/thumb/v8-m.main+fp/hard\libc_nano.a(libc_a-findfp.o)
                0x00006d24                __sinit
 .text.getchar  0x00006d54       0x10 c:/siliconlabs/simplicitystudio/v5/developer/toolchains/gnu_arm/12.2.rel1_2023.7/bin/../lib/gcc/arm-none-eabi/12.2.1/thumb/v8-m.main+fp/hard\libc_nano.a(libc_a-getchar.o)
                0x00006d54                getchar
 .text.printf   0x00006d64       0x24 c:/siliconlabs/simplicitystudio/v5/developer/toolchains/gnu_arm/12.2.rel1_2023.7/bin/../lib/gcc/arm-none-eabi/12.2.1/thumb/v8-m.main+fp/hard\libc_nano.a(libc_a-printf.o)
                0x00006d64                iprintf
                0x00006d64                printf
 .text.putchar  0x00006d88       0x10 c:/siliconlabs/simplicitystudio/v5/developer/toolchains/gnu_arm/12.2.rel1_2023.7/bin/../lib/gcc/arm-none-eabi/12.2.1/thumb/v8-m.main+fp/hard\libc_nano.a(libc_a-putchar.o)
                0x00006d88                putchar
 .text.puts     0x00006d98       0x10 c:/siliconlabs/simplicitystudio/v5/developer/toolchains/gnu_arm/12.2.rel1_2023.7/bin/../lib/gcc/arm-none-eabi/12.2.1/thumb/v8-m.main+fp/hard\libc_nano.a(libc_a-puts.o)
                0x00006d98                puts
 .text.setvbuf  0x00006da8      0x168 c:/siliconlabs/simplicitystudio/v5/developer/toolchains/gnu_arm/12.2.rel1_2023.7/bin/../lib/gcc/arm-none-eabi/12.2.1/thumb/v8-m.main+fp/hard\libc_nano.a(libc_a-setvbuf.o)
                0x00006da8                setvbuf
 .text.snprintf
                0x00006f10       0x68 c:/siliconlabs/simplicitystudio/v5/developer/toolchains/gnu_arm/12.2.rel1_2023.7/bin/../lib/gcc/arm-none-eabi/12.2.1/thumb/v8-m.main+fp/hard\libc_nano.a(libc_a-snprintf.o)
                0x00006f10                sniprintf
                0x00006f10                snprintf
 .text.sprintf  0x00006f78       0x40 c:/siliconlabs/simplicitystudio/v5/developer/toolchains/gnu_arm/12.2.rel1_2023.7/bin/../lib/gcc/arm-none-eabi/12.2.1/thumb/v8-m.main+fp/hard\libc_nano.a(libc_a-sprintf.o)
                0x00006f78                siprintf
                0x00006f78                sprintf
 .text.__swsetup_r
                0x00006fb8       0xac c:/siliconlabs/simplicitystudio/v5/developer/toolchains/gnu_arm/12.2.rel1_2023.7/bin/../lib/gcc/arm-none-eabi/12.2.1/thumb/v8-m.main+fp/hard\libc_nano.a(libc_a-wsetup.o)
                0x00006fb8                __swsetup_r
 .text._localeconv_r
                0x00007064        0x8 c:/siliconlabs/simplicitystudio/v5/developer/toolchains/gnu_arm/12.2.rel1_2023.7/bin/../lib/gcc/arm-none-eabi/12.2.1/thumb/v8-m.main+fp/hard\libc_nano.a(libc_a-localeconv.o)
                0x00007064                _localeconv_r
 .text._close_r
                0x0000706c       0x20 c:/siliconlabs/simplicitystudio/v5/developer/toolchains/gnu_arm/12.2.rel1_2023.7/bin/../lib/gcc/arm-none-eabi/12.2.1/thumb/v8-m.main+fp/hard\libc_nano.a(libc_a-closer.o)
                0x0000706c                _close_r
 .text._lseek_r
                0x0000708c       0x24 c:/siliconlabs/simplicitystudio/v5/developer/toolchains/gnu_arm/12.2.rel1_2023.7/bin/../lib/gcc/arm-none-eabi/12.2.1/thumb/v8-m.main+fp/hard\libc_nano.a(libc_a-lseekr.o)
                0x0000708c                _lseek_r
 .text._read_r  0x000070b0       0x24 c:/siliconlabs/simplicitystudio/v5/developer/toolchains/gnu_arm/12.2.rel1_2023.7/bin/../lib/gcc/arm-none-eabi/12.2.1/thumb/v8-m.main+fp/hard\libc_nano.a(libc_a-readr.o)
                0x000070b0                _read_r
 .text._write_r
                0x000070d4       0x24 c:/siliconlabs/simplicitystudio/v5/developer/toolchains/gnu_arm/12.2.rel1_2023.7/bin/../lib/gcc/arm-none-eabi/12.2.1/thumb/v8-m.main+fp/hard\libc_nano.a(libc_a-writer.o)
                0x000070d4                _write_r
 .text.__libc_init_array
                0x000070f8       0x48 c:/siliconlabs/simplicitystudio/v5/developer/toolchains/gnu_arm/12.2.rel1_2023.7/bin/../lib/gcc/arm-none-eabi/12.2.1/thumb/v8-m.main+fp/hard\libc_nano.a(libc_a-init.o)
                0x000070f8                __libc_init_array
 .text.__assert_func
                0x00007140       0x3c c:/siliconlabs/simplicitystudio/v5/developer/toolchains/gnu_arm/12.2.rel1_2023.7/bin/../lib/gcc/arm-none-eabi/12.2.1/thumb/v8-m.main+fp/hard\libc_nano.a(libc_a-assert.o)
                0x00007140                __assert_func
 .text._free_r  0x0000717c       0x94 c:/siliconlabs/simplicitystudio/v5/developer/toolchains/gnu_arm/12.2.rel1_2023.7/bin/../lib/gcc/arm-none-eabi/12.2.1/thumb/v8-m.main+fp/hard\libc_nano.a(libc_a-freer.o)
                0x0000717c                _free_r
 .text.malloc   0x00007210       0x10 c:/siliconlabs/simplicitystudio/v5/developer/toolchains/gnu_arm/12.2.rel1_2023.7/bin/../lib/gcc/arm-none-eabi/12.2.1/thumb/v8-m.main+fp/hard\libc_nano.a(libc_a-malloc.o)
                0x00007210                malloc
 .text.sbrk_aligned
                0x00007220       0x44 c:/siliconlabs/simplicitystudio/v5/developer/toolchains/gnu_arm/12.2.rel1_2023.7/bin/../lib/gcc/arm-none-eabi/12.2.1/thumb/v8-m.main+fp/hard\libc_nano.a(libc_a-mallocr.o)
 .text._malloc_r
                0x00007264       0xf0 c:/siliconlabs/simplicitystudio/v5/developer/toolchains/gnu_arm/12.2.rel1_2023.7/bin/../lib/gcc/arm-none-eabi/12.2.1/thumb/v8-m.main+fp/hard\libc_nano.a(libc_a-mallocr.o)
                0x00007264                _malloc_r
 .text.__malloc_lock
                0x00007354        0xc c:/siliconlabs/simplicitystudio/v5/developer/toolchains/gnu_arm/12.2.rel1_2023.7/bin/../lib/gcc/arm-none-eabi/12.2.1/thumb/v8-m.main+fp/hard\libc_nano.a(libc_a-mlock.o)
                0x00007354                __malloc_lock
 .text.__malloc_unlock
                0x00007360        0xc c:/siliconlabs/simplicitystudio/v5/developer/toolchains/gnu_arm/12.2.rel1_2023.7/bin/../lib/gcc/arm-none-eabi/12.2.1/thumb/v8-m.main+fp/hard\libc_nano.a(libc_a-mlock.o)
                0x00007360                __malloc_unlock
 .text._Balloc  0x0000736c       0x80 c:/siliconlabs/simplicitystudio/v5/developer/toolchains/gnu_arm/12.2.rel1_2023.7/bin/../lib/gcc/arm-none-eabi/12.2.1/thumb/v8-m.main+fp/hard\libc_nano.a(libc_a-mprec.o)
                0x0000736c                _Balloc
 .text._Bfree   0x000073ec       0x44 c:/siliconlabs/simplicitystudio/v5/developer/toolchains/gnu_arm/12.2.rel1_2023.7/bin/../lib/gcc/arm-none-eabi/12.2.1/thumb/v8-m.main+fp/hard\libc_nano.a(libc_a-mprec.o)
                0x000073ec                _Bfree
 .text.__multadd
                0x00007430       0x90 c:/siliconlabs/simplicitystudio/v5/developer/toolchains/gnu_arm/12.2.rel1_2023.7/bin/../lib/gcc/arm-none-eabi/12.2.1/thumb/v8-m.main+fp/hard\libc_nano.a(libc_a-mprec.o)
                0x00007430                __multadd
 .text.__i2b    0x000074c0       0x2c c:/siliconlabs/simplicitystudio/v5/developer/toolchains/gnu_arm/12.2.rel1_2023.7/bin/../lib/gcc/arm-none-eabi/12.2.1/thumb/v8-m.main+fp/hard\libc_nano.a(libc_a-mprec.o)
                0x000074c0                __i2b
 .text.__multiply
                0x000074ec      0x154 c:/siliconlabs/simplicitystudio/v5/developer/toolchains/gnu_arm/12.2.rel1_2023.7/bin/../lib/gcc/arm-none-eabi/12.2.1/thumb/v8-m.main+fp/hard\libc_nano.a(libc_a-mprec.o)
                0x000074ec                __multiply
 .text.__pow5mult
                0x00007640       0xb4 c:/siliconlabs/simplicitystudio/v5/developer/toolchains/gnu_arm/12.2.rel1_2023.7/bin/../lib/gcc/arm-none-eabi/12.2.1/thumb/v8-m.main+fp/hard\libc_nano.a(libc_a-mprec.o)
                0x00007640                __pow5mult
 .text.__lshift
                0x000076f4       0xd8 c:/siliconlabs/simplicitystudio/v5/developer/toolchains/gnu_arm/12.2.rel1_2023.7/bin/../lib/gcc/arm-none-eabi/12.2.1/thumb/v8-m.main+fp/hard\libc_nano.a(libc_a-mprec.o)
                0x000076f4                __lshift
 .text.__mdiff  0x000077cc      0x130 c:/siliconlabs/simplicitystudio/v5/developer/toolchains/gnu_arm/12.2.rel1_2023.7/bin/../lib/gcc/arm-none-eabi/12.2.1/thumb/v8-m.main+fp/hard\libc_nano.a(libc_a-mprec.o)
                0x000077cc                __mdiff
 .text.__d2b    0x000078fc       0xb0 c:/siliconlabs/simplicitystudio/v5/developer/toolchains/gnu_arm/12.2.rel1_2023.7/bin/../lib/gcc/arm-none-eabi/12.2.1/thumb/v8-m.main+fp/hard\libc_nano.a(libc_a-mprec.o)
                0x000078fc                __d2b
 .text._svfprintf_r
                0x000079ac      0x1f8 c:/siliconlabs/simplicitystudio/v5/developer/toolchains/gnu_arm/12.2.rel1_2023.7/bin/../lib/gcc/arm-none-eabi/12.2.1/thumb/v8-m.main+fp/hard\libc_nano.a(libc_a-nano-svfprintf.o)
                0x000079ac                _svfiprintf_r
                0x000079ac                _svfprintf_r
 .text._vfprintf_r
                0x00007ba4      0x230 c:/siliconlabs/simplicitystudio/v5/developer/toolchains/gnu_arm/12.2.rel1_2023.7/bin/../lib/gcc/arm-none-eabi/12.2.1/thumb/v8-m.main+fp/hard\libc_nano.a(libc_a-nano-vfprintf.o)
                0x00007ba4                _vfprintf_r
                0x00007ba4                _vfiprintf_r
 .text.fprintf  0x00007dd4       0x24 c:/siliconlabs/simplicitystudio/v5/developer/toolchains/gnu_arm/12.2.rel1_2023.7/bin/../lib/gcc/arm-none-eabi/12.2.1/thumb/v8-m.main+fp/hard\libc_nano.a(libc_a-fprintf.o)
                0x00007dd4                fiprintf
                0x00007dd4                fprintf
 .text._fstat_r
                0x00007df8       0x24 c:/siliconlabs/simplicitystudio/v5/developer/toolchains/gnu_arm/12.2.rel1_2023.7/bin/../lib/gcc/arm-none-eabi/12.2.1/thumb/v8-m.main+fp/hard\libc_nano.a(libc_a-fstatr.o)
                0x00007df8                _fstat_r
 .text._isatty_r
                0x00007e1c       0x20 c:/siliconlabs/simplicitystudio/v5/developer/toolchains/gnu_arm/12.2.rel1_2023.7/bin/../lib/gcc/arm-none-eabi/12.2.1/thumb/v8-m.main+fp/hard\libc_nano.a(libc_a-isattyr.o)
                0x00007e1c                _isatty_r
 .text._sbrk_r  0x00007e3c       0x20 c:/siliconlabs/simplicitystudio/v5/developer/toolchains/gnu_arm/12.2.rel1_2023.7/bin/../lib/gcc/arm-none-eabi/12.2.1/thumb/v8-m.main+fp/hard\libc_nano.a(libc_a-sbrkr.o)
                0x00007e3c                _sbrk_r
 .text.lflush   0x00007e5c       0x1c c:/siliconlabs/simplicitystudio/v5/developer/toolchains/gnu_arm/12.2.rel1_2023.7/bin/../lib/gcc/arm-none-eabi/12.2.1/thumb/v8-m.main+fp/hard\libc_nano.a(libc_a-refill.o)
 .text.__srefill_r
                0x00007e78       0xe8 c:/siliconlabs/simplicitystudio/v5/developer/toolchains/gnu_arm/12.2.rel1_2023.7/bin/../lib/gcc/arm-none-eabi/12.2.1/thumb/v8-m.main+fp/hard\libc_nano.a(libc_a-refill.o)
                0x00007e78                __srefill_r
 .text.raise    0x00007f60       0x10 c:/siliconlabs/simplicitystudio/v5/developer/toolchains/gnu_arm/12.2.rel1_2023.7/bin/../lib/gcc/arm-none-eabi/12.2.1/thumb/v8-m.main+fp/hard\libc_nano.a(libc_a-signal.o)
                0x00007f60                raise
 .text._kill_r  0x00007f70       0x24 c:/siliconlabs/simplicitystudio/v5/developer/toolchains/gnu_arm/12.2.rel1_2023.7/bin/../lib/gcc/arm-none-eabi/12.2.1/thumb/v8-m.main+fp/hard\libc_nano.a(libc_a-signalr.o)
                0x00007f70                _kill_r
 .text          0x00007f94      0x424 c:/siliconlabs/simplicitystudio/v5/developer/toolchains/gnu_arm/12.2.rel1_2023.7/bin/../lib/gcc/arm-none-eabi/12.2.1/thumb/v8-m.main+fp/hard\libgcc.a(_arm_muldivdf3.o)
                0x00007f94                __aeabi_dmul
                0x00007f94                __muldf3
                0x000081e8                __divdf3
                0x000081e8                __aeabi_ddiv
 .text          0x000083b8       0x2c c:/siliconlabs/simplicitystudio/v5/developer/toolchains/gnu_arm/12.2.rel1_2023.7/bin/../lib/gcc/arm-none-eabi/12.2.1/thumb/v8-m.main+fp/hard\libgcc.a(_arm_unorddf2.o)
                0x000083b8                __unorddf2
                0x000083b8                __aeabi_dcmpun
 .text          0x000083e4       0x50 c:/siliconlabs/simplicitystudio/v5/developer/toolchains/gnu_arm/12.2.rel1_2023.7/bin/../lib/gcc/arm-none-eabi/12.2.1/thumb/v8-m.main+fp/hard\libgcc.a(_arm_fixdfsi.o)
                0x000083e4                __aeabi_d2iz
                0x000083e4                __fixdfsi
 .text.sl_board_default_init
                0x00008434        0x4 ./autogen/sl_board_default_init.o
                0x00008434                sl_board_default_init
 .text.sl_driver_init
                0x00008438       0x16 ./autogen/sl_event_handler.o
                0x00008438                sl_driver_init
 .text.sl_service_init
                0x0000844e       0x12 ./autogen/sl_event_handler.o
                0x0000844e                sl_service_init
 .text.sl_stack_init
                0x00008460        0x2 ./autogen/sl_event_handler.o
                0x00008460                sl_stack_init
 .text.sl_internal_app_init
                0x00008462        0x2 ./autogen/sl_event_handler.o
                0x00008462                sl_internal_app_init
 .text.sl_platform_process_action
                0x00008464        0x2 ./autogen/sl_event_handler.o
                0x00008464                sl_platform_process_action
 .text.sl_service_process_action
                0x00008466        0x2 ./autogen/sl_event_handler.o
                0x00008466                sl_service_process_action
 .text.sl_stack_process_action
                0x00008468        0x2 ./autogen/sl_event_handler.o
                0x00008468                sl_stack_process_action
 .text.sl_internal_app_process_action
                0x0000846a        0x2 ./autogen/sl_event_handler.o
                0x0000846a                sl_internal_app_process_action
 .text.sl_iostream_eusart_init_instances
                0x0000846c        0x4 ./autogen/sl_iostream_init_eusart_instances.o
                0x0000846c                sl_iostream_eusart_init_instances
 .text.EUART0_TX_IRQHandler
                0x00008470        0x4 ./autogen/sl_iostream_init_eusart_instances.o
                0x00008470                EUART0_TX_IRQHandler
 .text.startup.main
                0x00008474       0x14 ./core/main.o
                0x00008474                main
 .text.app_init
                0x00008488        0xe ./core/view_model/app.o
                0x00008488                app_init
 .text.sl_board_enable_vcom
                0x00008496       0x12 ./simplicity_sdk_2024.6.2/hardware/board/src/sl_board_control_gpio.o
                0x00008496                sl_board_enable_vcom
 .text.sl_board_configure_vcom
                0x000084a8        0x4 ./simplicity_sdk_2024.6.2/hardware/board/src/sl_board_control_gpio.o
                0x000084a8                sl_board_configure_vcom
 .text.sl_board_disable_vcom
                0x000084ac       0x12 ./simplicity_sdk_2024.6.2/hardware/board/src/sl_board_control_gpio.o
                0x000084ac                sl_board_disable_vcom
 .text.sl_board_enable_display
                0x000084be       0x12 ./simplicity_sdk_2024.6.2/hardware/board/src/sl_board_control_gpio.o
                0x000084be                sl_board_enable_display
 .text.sli_cos_swo_itm_8_write.constprop.0.isra.0
                0x000084d0       0x78 ./simplicity_sdk_2024.6.2/hardware/driver/configuration_over_swo/src/sl_cos.o
 .text.sl_cos_send_config
                0x00008548       0x12 ./simplicity_sdk_2024.6.2/hardware/driver/configuration_over_swo/src/sl_cos.o
                0x00008548                sl_cos_send_config
 .text.sl_cos_config_vcom
                0x0000855a       0x1e ./simplicity_sdk_2024.6.2/hardware/driver/configuration_over_swo/src/sl_cos.o
                0x0000855a                sl_cos_config_vcom
 .text.sli_memlcd_spi_tx
                0x00008578       0x22 ./simplicity_sdk_2024.6.2/hardware/driver/memlcd/src/memlcd_usart/sl_memlcd_spi.o
                0x00008578                sli_memlcd_spi_tx
 .text.sli_memlcd_spi_wait
                0x0000859a        0xa ./simplicity_sdk_2024.6.2/hardware/driver/memlcd/src/memlcd_usart/sl_memlcd_spi.o
                0x0000859a                sli_memlcd_spi_wait
 .text.sli_memlcd_spi_rx_flush
                0x000085a4       0x14 ./simplicity_sdk_2024.6.2/hardware/driver/memlcd/src/memlcd_usart/sl_memlcd_spi.o
                0x000085a4                sli_memlcd_spi_rx_flush
 .text.Default_Handler
                0x000085b8        0x2 ./simplicity_sdk_2024.6.2/platform/Device/SiliconLabs/EFR32MG22/Source/startup_efr32mg22.o
                0x000085b8                ULFRCO_IRQHandler
                0x000085b8                SW2_IRQHandler
                0x000085b8                TIMER2_IRQHandler
                0x000085b8                DebugMon_Handler
                0x000085b8                PKE_IRQHandler
                0x000085b8                USART0_TX_IRQHandler
                0x000085b8                PRORTC_IRQHandler
                0x000085b8                IADC_IRQHandler
                0x000085b8                I2C0_IRQHandler
                0x000085b8                LFXO_IRQHandler
                0x000085b8                CRYPTOACC_IRQHandler
                0x000085b8                HardFault_Handler
                0x000085b8                SMU_SECURE_IRQHandler
                0x000085b8                SysTick_Handler
                0x000085b8                USART1_RX_IRQHandler
                0x000085b8                EMUEFP_IRQHandler
                0x000085b8                PendSV_Handler
                0x000085b8                NMI_Handler
                0x000085b8                SYNTH_IRQHandler
                0x000085b8                HFXO0_IRQHandler
                0x000085b8                I2C1_IRQHandler
                0x000085b8                PDM_IRQHandler
                0x000085b8                WDOG0_IRQHandler
                0x000085b8                TIMER3_IRQHandler
                0x000085b8                SYSCFG_IRQHandler
                0x000085b8                EMUSE_IRQHandler
                0x000085b8                EMUDG_IRQHandler
                0x000085b8                USART1_TX_IRQHandler
                0x000085b8                MSC_IRQHandler
                0x000085b8                DPLL0_IRQHandler
                0x000085b8                UsageFault_Handler
                0x000085b8                M33CTI1_IRQHandler
                0x000085b8                TIMER4_IRQHandler
                0x000085b8                SW0_IRQHandler
                0x000085b8                TIMER0_IRQHandler
                0x000085b8                LETIMER0_IRQHandler
                0x000085b8                TIMER1_IRQHandler
                0x000085b8                HFRCO0_IRQHandler
                0x000085b8                RFSENSE_IRQHandler
                0x000085b8                SecureFault_Handler
                0x000085b8                BUFC_IRQHandler
                0x000085b8                DCDC_IRQHandler
                0x000085b8                MODEM_IRQHandler
                0x000085b8                Default_Handler
                0x000085b8                RAC_SEQ_IRQHandler
                0x000085b8                FRC_PRI_IRQHandler
                0x000085b8                EMU_IRQHandler
                0x000085b8                SW3_IRQHandler
                0x000085b8                KERNEL0_IRQHandler
                0x000085b8                FRC_IRQHandler
                0x000085b8                KERNEL1_IRQHandler
                0x000085b8                AGC_IRQHandler
                0x000085b8                sl_app_properties
                0x000085b8                BURTC_IRQHandler
                0x000085b8                LFRCO_IRQHandler
                0x000085b8                USART0_RX_IRQHandler
                0x000085b8                MemManage_Handler
                0x000085b8                RDMAILBOX_IRQHandler
                0x000085b8                SVC_Handler
                0x000085b8                SMU_S_PRIVILEGED_IRQHandler
                0x000085b8                SW1_IRQHandler
                0x000085b8                CMU_IRQHandler
                0x000085b8                RAC_RSM_IRQHandler
                0x000085b8                AES_IRQHandler
                0x000085b8                M33CTI0_IRQHandler
                0x000085b8                ICACHE0_IRQHandler
                0x000085b8                SMU_NS_PRIVILEGED_IRQHandler
                0x000085b8                PROTIMER_IRQHandler
                0x000085b8                BusFault_Handler
                0x000085b8                TRNG_IRQHandler
 .text.CopyBlock
                0x000085ba       0x18 ./simplicity_sdk_2024.6.2/platform/Device/SiliconLabs/EFR32MG22/Source/startup_efr32mg22.o
                0x000085ba                CopyBlock
 .text.SystemCLKIN0Get
                0x000085d2        0x4 ./simplicity_sdk_2024.6.2/platform/Device/SiliconLabs/EFR32MG22/Source/system_efr32mg22.o
                0x000085d2                SystemCLKIN0Get
 .text.SystemLFRCOClockGet
                0x000085d6        0x6 ./simplicity_sdk_2024.6.2/platform/Device/SiliconLabs/EFR32MG22/Source/system_efr32mg22.o
                0x000085d6                SystemLFRCOClockGet
 .text.SystemULFRCOClockGet
                0x000085dc        0x6 ./simplicity_sdk_2024.6.2/platform/Device/SiliconLabs/EFR32MG22/Source/system_efr32mg22.o
                0x000085dc                SystemULFRCOClockGet
 .text.assertEFM
                0x000085e2        0x2 ./simplicity_sdk_2024.6.2/platform/common/src/sl_assert.o
                0x000085e2                assertEFM
 .text.CORE_EnterCritical
                0x000085e4        0x8 ./simplicity_sdk_2024.6.2/platform/common/src/sl_core_cortexm.o
                0x000085e4                CORE_EnterCritical
 .text.CORE_ExitCritical
                0x000085ec        0x6 ./simplicity_sdk_2024.6.2/platform/common/src/sl_core_cortexm.o
                0x000085ec                CORE_ExitCritical
 .text.CORE_EnterAtomic
                0x000085f2        0xc ./simplicity_sdk_2024.6.2/platform/common/src/sl_core_cortexm.o
                0x000085f2                CORE_EnterAtomic
 .text.CORE_ExitAtomic
                0x000085fe        0x6 ./simplicity_sdk_2024.6.2/platform/common/src/sl_core_cortexm.o
                0x000085fe                CORE_ExitAtomic
 .text.sl_button_init
                0x00008604        0xa ./simplicity_sdk_2024.6.2/platform/driver/button/src/sl_button.o
                0x00008604                sl_button_init
 .text.sl_button_get_state
                0x0000860e        0xa ./simplicity_sdk_2024.6.2/platform/driver/button/src/sl_button.o
                0x0000860e                sl_button_get_state
 .text.sli_simple_button_on_change
                0x00008618       0x28 ./simplicity_sdk_2024.6.2/platform/driver/button/src/sl_simple_button.o
 .text.sl_simple_button_get_state
                0x00008640        0x6 ./simplicity_sdk_2024.6.2/platform/driver/button/src/sl_simple_button.o
                0x00008640                sl_simple_button_get_state
 .text.sl_simple_button_poll_step
                0x00008646       0x52 ./simplicity_sdk_2024.6.2/platform/driver/button/src/sl_simple_button.o
                0x00008646                sl_simple_button_poll_step
 .text.sl_simple_button_enable
                0x00008698       0x12 ./simplicity_sdk_2024.6.2/platform/driver/button/src/sl_simple_button.o
                0x00008698                sl_simple_button_enable
 .text.sl_simple_button_disable
                0x000086aa       0x30 ./simplicity_sdk_2024.6.2/platform/driver/button/src/sl_simple_button.o
                0x000086aa                sl_simple_button_disable
 .text.sl_debug_swo_enable_itm
                0x000086da       0x16 ./simplicity_sdk_2024.6.2/platform/driver/debug/src/sl_debug_swo.o
                0x000086da                sl_debug_swo_enable_itm
 .text.sl_debug_swo_disable_itm
                0x000086f0       0x18 ./simplicity_sdk_2024.6.2/platform/driver/debug/src/sl_debug_swo.o
                0x000086f0                sl_debug_swo_disable_itm
 .text.DMADRV_PeripheralMemory
                0x00008708       0x34 ./simplicity_sdk_2024.6.2/platform/emdrv/dmadrv/src/dmadrv.o
                0x00008708                DMADRV_PeripheralMemory
 .text.GPIOINT_Init
                0x0000873c       0x30 ./simplicity_sdk_2024.6.2/platform/emdrv/gpiointerrupt/src/gpiointerrupt.o
                0x0000873c                GPIOINT_Init
 .text.waitStateMax
                0x0000876c       0x10 ./simplicity_sdk_2024.6.2/platform/emlib/src/em_cmu.o
 .text.CMU_UpdateWaitStates
                0x0000877c        0xc ./simplicity_sdk_2024.6.2/platform/emlib/src/em_cmu.o
                0x0000877c                CMU_UpdateWaitStates
 .text.pclkDivMax
                0x00008788        0xa ./simplicity_sdk_2024.6.2/platform/emlib/src/em_cmu.o
 .text.sli_em_cmu_SYSCLKInitPostClockSelect
                0x00008792       0x2e ./simplicity_sdk_2024.6.2/platform/emlib/src/em_cmu.o
                0x00008792                sli_em_cmu_SYSCLKInitPostClockSelect
 .text.EMU_EFPEM01VScale
                0x000087c0        0x2 ./simplicity_sdk_2024.6.2/platform/emlib/src/em_emu.o
                0x000087c0                EMU_EFPEM01VScale
 .text.EMU_DCDCUpdatedHook
                0x000087c2        0x2 ./simplicity_sdk_2024.6.2/platform/emlib/src/em_emu.o
                0x000087c2                EMU_DCDCUpdatedHook
 .text.eusart_sync
                0x000087c4        0x8 ./simplicity_sdk_2024.6.2/platform/emlib/src/em_eusart.o
 .text.EUSART_Disable
                0x000087cc       0x3a ./simplicity_sdk_2024.6.2/platform/emlib/src/em_eusart.o
 .text.EUSART_Tx
                0x00008806        0xa ./simplicity_sdk_2024.6.2/platform/emlib/src/em_eusart.o
                0x00008806                EUSART_Tx
 .text.BUS_RegMaskedWrite
                0x00008810       0x1e ./simplicity_sdk_2024.6.2/platform/emlib/src/em_gpio.o
 .text.GPIO_DbgLocationSet
                0x0000882e        0x2 ./simplicity_sdk_2024.6.2/platform/emlib/src/em_gpio.o
                0x0000882e                GPIO_DbgLocationSet
 .text.RTCC_SyncWait
                0x00008830       0x10 ./simplicity_sdk_2024.6.2/platform/emlib/src/em_rtcc.o
 .text.USART_Rx
                0x00008840        0xc ./simplicity_sdk_2024.6.2/platform/emlib/src/em_usart.o
                0x00008840                USART_Rx
 .text.USART_SpiTransfer
                0x0000884c       0x14 ./simplicity_sdk_2024.6.2/platform/emlib/src/em_usart.o
                0x0000884c                USART_SpiTransfer
 .text.USART_Tx
                0x00008860        0xa ./simplicity_sdk_2024.6.2/platform/emlib/src/em_usart.o
                0x00008860                USART_Tx
 .text.GLIB_resetDisplayClippingArea
                0x0000886a       0x14 ./simplicity_sdk_2024.6.2/platform/middleware/glib/glib/glib.o
                0x0000886a                GLIB_resetDisplayClippingArea
 .text.GLIB_clear
                0x0000887e       0x36 ./simplicity_sdk_2024.6.2/platform/middleware/glib/glib/glib.o
                0x0000887e                GLIB_clear
 .text.GLIB_applyClippingRegion
                0x000088b4       0x20 ./simplicity_sdk_2024.6.2/platform/middleware/glib/glib/glib.o
                0x000088b4                GLIB_applyClippingRegion
 .text.GLIB_setClippingRegion
                0x000088d4       0x46 ./simplicity_sdk_2024.6.2/platform/middleware/glib/glib/glib.o
                0x000088d4                GLIB_setClippingRegion
 .text.GLIB_colorTranslate24bpp
                0x0000891a        0xe ./simplicity_sdk_2024.6.2/platform/middleware/glib/glib/glib.o
                0x0000891a                GLIB_colorTranslate24bpp
 .text.GLIB_drawPixel
                0x00008928       0x38 ./simplicity_sdk_2024.6.2/platform/middleware/glib/glib/glib.o
                0x00008928                GLIB_drawPixel
 .text.GLIB_drawPixelColor
                0x00008960       0x36 ./simplicity_sdk_2024.6.2/platform/middleware/glib/glib/glib.o
                0x00008960                GLIB_drawPixelColor
 .text.GLIB_drawCircleFilled
                0x00008996       0xc4 ./simplicity_sdk_2024.6.2/platform/middleware/glib/glib/glib_circle.o
                0x00008996                GLIB_drawCircleFilled
 .text.GLIB_drawLineH
                0x00008a5a       0x94 ./simplicity_sdk_2024.6.2/platform/middleware/glib/glib/glib_line.o
                0x00008a5a                GLIB_drawLineH
 .text.GLIB_rectContainsPoint
                0x00008aee       0x24 ./simplicity_sdk_2024.6.2/platform/middleware/glib/glib/glib_rectangle.o
                0x00008aee                GLIB_rectContainsPoint
 .text.GLIB_normalizeRect
                0x00008b12       0x1a ./simplicity_sdk_2024.6.2/platform/middleware/glib/glib/glib_rectangle.o
                0x00008b12                GLIB_normalizeRect
 .text.GLIB_drawRectFilled
                0x00008b2c       0x96 ./simplicity_sdk_2024.6.2/platform/middleware/glib/glib/glib_rectangle.o
                0x00008b2c                GLIB_drawRectFilled
 .text.GLIB_drawChar
                0x00008bc2      0x122 ./simplicity_sdk_2024.6.2/platform/middleware/glib/glib/glib_string.o
                0x00008bc2                GLIB_drawChar
 .text.GLIB_drawString
                0x00008ce4       0x78 ./simplicity_sdk_2024.6.2/platform/middleware/glib/glib/glib_string.o
                0x00008ce4                GLIB_drawString
 .text.GLIB_setFont
                0x00008d5c       0x26 ./simplicity_sdk_2024.6.2/platform/middleware/glib/glib/glib_string.o
                0x00008d5c                GLIB_setFont
 .text.GLIB_drawStringOnLine
                0x00008d82       0x5e ./simplicity_sdk_2024.6.2/platform/middleware/glib/glib/glib_string.o
                0x00008d82                GLIB_drawStringOnLine
 .text.sl_clock_manager_runtime_init
                0x00008de0        0x4 ./simplicity_sdk_2024.6.2/platform/service/clock_manager/src/sl_clock_manager.o
                0x00008de0                sl_clock_manager_runtime_init
 .text.sl_clock_manager_get_clock_branch_frequency
                0x00008de4        0xa ./simplicity_sdk_2024.6.2/platform/service/clock_manager/src/sl_clock_manager.o
                0x00008de4                sl_clock_manager_get_clock_branch_frequency
 .text.sl_clock_manager_enable_bus_clock
                0x00008dee        0x6 ./simplicity_sdk_2024.6.2/platform/service/clock_manager/src/sl_clock_manager.o
                0x00008dee                sl_clock_manager_enable_bus_clock
 .text.sl_clock_manager_disable_bus_clock
                0x00008df4        0x6 ./simplicity_sdk_2024.6.2/platform/service/clock_manager/src/sl_clock_manager.o
                0x00008df4                sl_clock_manager_disable_bus_clock
 .text.sli_clock_manager_hal_runtime_init
                0x00008dfa        0x4 ./simplicity_sdk_2024.6.2/platform/service/clock_manager/src/sl_clock_manager_hal_s2.o
                0x00008dfa                sli_clock_manager_hal_runtime_init
 .text.sli_clock_manager_hal_get_clock_branch_frequency
                0x00008dfe       0xa2 ./simplicity_sdk_2024.6.2/platform/service/clock_manager/src/sl_clock_manager_hal_s2.o
                0x00008dfe                sli_clock_manager_hal_get_clock_branch_frequency
 .text.sl_clock_manager_init
                0x00008ea0        0x4 ./simplicity_sdk_2024.6.2/platform/service/clock_manager/src/sl_clock_manager_init.o
                0x00008ea0                sl_clock_manager_init
 .text.sl_interrupt_manager_init
                0x00008ea4       0x16 ./simplicity_sdk_2024.6.2/platform/service/interrupt_manager/src/sl_interrupt_manager_cortexm.o
                0x00008ea4                sl_interrupt_manager_init
 .text.sl_iostream_write
                0x00008eba       0x22 ./simplicity_sdk_2024.6.2/platform/service/iostream/src/sl_iostream.o
                0x00008eba                sl_iostream_write
 .text.sl_iostream_read
                0x00008edc       0x30 ./simplicity_sdk_2024.6.2/platform/service/iostream/src/sl_iostream.o
                0x00008edc                sl_iostream_read
 .text.eusart_deinit
                0x00008f0c       0x78 ./simplicity_sdk_2024.6.2/platform/service/iostream/src/sl_iostream_eusart.o
 .text.eusart_set_next_byte_detect
                0x00008f84       0x2c ./simplicity_sdk_2024.6.2/platform/service/iostream/src/sl_iostream_eusart.o
 .text.eusart_tx
                0x00008fb0        0xe ./simplicity_sdk_2024.6.2/platform/service/iostream/src/sl_iostream_eusart.o
 .text.sl_iostream_eusart_irq_handler
                0x00008fbe       0x74 ./simplicity_sdk_2024.6.2/platform/service/iostream/src/sl_iostream_eusart.o
                0x00008fbe                sl_iostream_eusart_irq_handler
 .text._close   0x00009032        0x4 ./simplicity_sdk_2024.6.2/platform/service/iostream/src/sl_iostream_retarget_stdio.o
                0x00009032                _close
 .text._exit    0x00009036        0x2 ./simplicity_sdk_2024.6.2/platform/service/iostream/src/sl_iostream_retarget_stdio.o
                0x00009036                _exit
 .text._fstat   0x00009038        0xa ./simplicity_sdk_2024.6.2/platform/service/iostream/src/sl_iostream_retarget_stdio.o
                0x00009038                _fstat
 .text._getpid  0x00009042        0x4 ./simplicity_sdk_2024.6.2/platform/service/iostream/src/sl_iostream_retarget_stdio.o
                0x00009042                _getpid
 .text._isatty  0x00009046        0x4 ./simplicity_sdk_2024.6.2/platform/service/iostream/src/sl_iostream_retarget_stdio.o
                0x00009046                _isatty
 .text._kill    0x0000904a        0x6 ./simplicity_sdk_2024.6.2/platform/service/iostream/src/sl_iostream_retarget_stdio.o
                0x0000904a                _kill
 .text._lseek   0x00009050        0x4 ./simplicity_sdk_2024.6.2/platform/service/iostream/src/sl_iostream_retarget_stdio.o
                0x00009050                _lseek
 .text._read    0x00009054       0x1c ./simplicity_sdk_2024.6.2/platform/service/iostream/src/sl_iostream_retarget_stdio.o
                0x00009054                _read
 .text.set_auto_cr_lf
                0x00009070        0x6 ./simplicity_sdk_2024.6.2/platform/service/iostream/src/sl_iostream_uart.o
 .text.get_auto_cr_lf
                0x00009076        0x6 ./simplicity_sdk_2024.6.2/platform/service/iostream/src/sl_iostream_uart.o
 .text.sl_sleeptimer_restart_periodic_timer
                0x0000907c       0x38 ./simplicity_sdk_2024.6.2/platform/service/sleeptimer/src/sl_sleeptimer.o
                0x0000907c                sl_sleeptimer_restart_periodic_timer
 .text.sleeptimer_hal_presc_to_log2.constprop.0
                0x000090b4        0x4 ./simplicity_sdk_2024.6.2/platform/service/sleeptimer/src/sl_sleeptimer_hal_rtcc.o
 .text.sleeptimer_hal_get_counter
                0x000090b8        0xe ./simplicity_sdk_2024.6.2/platform/service/sleeptimer/src/sl_sleeptimer_hal_rtcc.o
                0x000090b8                sleeptimer_hal_get_counter
 .text.sleeptimer_hal_enable_int
                0x000090c6       0x18 ./simplicity_sdk_2024.6.2/platform/service/sleeptimer/src/sl_sleeptimer_hal_rtcc.o
                0x000090c6                sleeptimer_hal_enable_int
 .text.sl_system_init
                0x000090de       0x1a ./simplicity_sdk_2024.6.2/platform/service/system/src/sl_system_init.o
                0x000090de                sl_system_init
 .text.sl_system_process_action
                0x000090f8       0x16 ./simplicity_sdk_2024.6.2/platform/service/system/src/sl_system_process_action.o
                0x000090f8                sl_system_process_action
 .text.__cvt    0x0000910e       0xd0 c:/siliconlabs/simplicitystudio/v5/developer/toolchains/gnu_arm/12.2.rel1_2023.7/bin/../lib/gcc/arm-none-eabi/12.2.1/thumb/v8-m.main+fp/hard\libc_nano.a(libc_a-nano-vfprintf_float.o)
                0x0000910e                __cvt
 .text.__exponent
                0x000091de       0x72 c:/siliconlabs/simplicitystudio/v5/developer/toolchains/gnu_arm/12.2.rel1_2023.7/bin/../lib/gcc/arm-none-eabi/12.2.1/thumb/v8-m.main+fp/hard\libc_nano.a(libc_a-nano-vfprintf_float.o)
                0x000091de                __exponent
 .text._printf_common
                0x00009250       0xe4 c:/siliconlabs/simplicitystudio/v5/developer/toolchains/gnu_arm/12.2.rel1_2023.7/bin/../lib/gcc/arm-none-eabi/12.2.1/thumb/v8-m.main+fp/hard\libc_nano.a(libc_a-nano-vfprintf_i.o)
                0x00009250                _printf_common
 .text._fwalk_sglue
                0x00009334       0x3c c:/siliconlabs/simplicitystudio/v5/developer/toolchains/gnu_arm/12.2.rel1_2023.7/bin/../lib/gcc/arm-none-eabi/12.2.1/thumb/v8-m.main+fp/hard\libc_nano.a(libc_a-fwalk.o)
                0x00009334                _fwalk_sglue
 .text._puts_r  0x00009370       0xaa c:/siliconlabs/simplicitystudio/v5/developer/toolchains/gnu_arm/12.2.rel1_2023.7/bin/../lib/gcc/arm-none-eabi/12.2.1/thumb/v8-m.main+fp/hard\libc_nano.a(libc_a-puts.o)
                0x00009370                _puts_r
 .text.__sread  0x0000941a       0x22 c:/siliconlabs/simplicitystudio/v5/developer/toolchains/gnu_arm/12.2.rel1_2023.7/bin/../lib/gcc/arm-none-eabi/12.2.1/thumb/v8-m.main+fp/hard\libc_nano.a(libc_a-stdio.o)
                0x0000941a                __sread
 .text.__swrite
                0x0000943c       0x38 c:/siliconlabs/simplicitystudio/v5/developer/toolchains/gnu_arm/12.2.rel1_2023.7/bin/../lib/gcc/arm-none-eabi/12.2.1/thumb/v8-m.main+fp/hard\libc_nano.a(libc_a-stdio.o)
                0x0000943c                __swrite
 .text.__sseek  0x00009474       0x24 c:/siliconlabs/simplicitystudio/v5/developer/toolchains/gnu_arm/12.2.rel1_2023.7/bin/../lib/gcc/arm-none-eabi/12.2.1/thumb/v8-m.main+fp/hard\libc_nano.a(libc_a-stdio.o)
                0x00009474                __sseek
 .text.__sclose
                0x00009498        0x8 c:/siliconlabs/simplicitystudio/v5/developer/toolchains/gnu_arm/12.2.rel1_2023.7/bin/../lib/gcc/arm-none-eabi/12.2.1/thumb/v8-m.main+fp/hard\libc_nano.a(libc_a-stdio.o)
                0x00009498                __sclose
 .text.__swbuf_r
                0x000094a0       0x7c c:/siliconlabs/simplicitystudio/v5/developer/toolchains/gnu_arm/12.2.rel1_2023.7/bin/../lib/gcc/arm-none-eabi/12.2.1/thumb/v8-m.main+fp/hard\libc_nano.a(libc_a-wbuf.o)
                0x000094a0                __swbuf_r
 .text.memset   0x0000951c       0x10 c:/siliconlabs/simplicitystudio/v5/developer/toolchains/gnu_arm/12.2.rel1_2023.7/bin/../lib/gcc/arm-none-eabi/12.2.1/thumb/v8-m.main+fp/hard\libc_nano.a(libc_a-memset.o)